Archive member included to satisfy reference by file (symbol)

c:/at32ide/platform/tools/gcc-arm-none-eabi-10.3-2021.10/bin/../lib/gcc/arm-none-eabi/10.3.1/../../../../arm-none-eabi/lib/thumb/v7e-m+fp/hard\libg_nano.a(lib_a-exit.o)
                              c:/at32ide/platform/tools/gcc-arm-none-eabi-10.3-2021.10/bin/../lib/gcc/arm-none-eabi/10.3.1/../../../../arm-none-eabi/lib/thumb/v7e-m+fp/hard/crt0.o (exit)
c:/at32ide/platform/tools/gcc-arm-none-eabi-10.3-2021.10/bin/../lib/gcc/arm-none-eabi/10.3.1/../../../../arm-none-eabi/lib/thumb/v7e-m+fp/hard\libg_nano.a(lib_a-impure.o)
                              c:/at32ide/platform/tools/gcc-arm-none-eabi-10.3-2021.10/bin/../lib/gcc/arm-none-eabi/10.3.1/../../../../arm-none-eabi/lib/thumb/v7e-m+fp/hard\libg_nano.a(lib_a-exit.o) (_global_impure_ptr)
c:/at32ide/platform/tools/gcc-arm-none-eabi-10.3-2021.10/bin/../lib/gcc/arm-none-eabi/10.3.1/../../../../arm-none-eabi/lib/thumb/v7e-m+fp/hard\libg_nano.a(lib_a-init.o)
                              c:/at32ide/platform/tools/gcc-arm-none-eabi-10.3-2021.10/bin/../lib/gcc/arm-none-eabi/10.3.1/../../../../arm-none-eabi/lib/thumb/v7e-m+fp/hard/crt0.o (__libc_init_array)
c:/at32ide/platform/tools/gcc-arm-none-eabi-10.3-2021.10/bin/../lib/gcc/arm-none-eabi/10.3.1/../../../../arm-none-eabi/lib/thumb/v7e-m+fp/hard\libg_nano.a(lib_a-memset.o)
                              c:/at32ide/platform/tools/gcc-arm-none-eabi-10.3-2021.10/bin/../lib/gcc/arm-none-eabi/10.3.1/../../../../arm-none-eabi/lib/thumb/v7e-m+fp/hard/crt0.o (memset)
c:/at32ide/platform/tools/gcc-arm-none-eabi-10.3-2021.10/bin/../lib/gcc/arm-none-eabi/10.3.1/../../../../arm-none-eabi/lib/thumb/v7e-m+fp/hard\libnosys.a(_exit.o)
                              c:/at32ide/platform/tools/gcc-arm-none-eabi-10.3-2021.10/bin/../lib/gcc/arm-none-eabi/10.3.1/../../../../arm-none-eabi/lib/thumb/v7e-m+fp/hard\libg_nano.a(lib_a-exit.o) (_exit)

Discarded input sections

 .text          0x00000000        0x0 c:/at32ide/platform/tools/gcc-arm-none-eabi-10.3-2021.10/bin/../lib/gcc/arm-none-eabi/10.3.1/thumb/v7e-m+fp/hard/crti.o
 .data          0x00000000        0x0 c:/at32ide/platform/tools/gcc-arm-none-eabi-10.3-2021.10/bin/../lib/gcc/arm-none-eabi/10.3.1/thumb/v7e-m+fp/hard/crti.o
 .bss           0x00000000        0x0 c:/at32ide/platform/tools/gcc-arm-none-eabi-10.3-2021.10/bin/../lib/gcc/arm-none-eabi/10.3.1/thumb/v7e-m+fp/hard/crti.o
 .data          0x00000000        0x4 c:/at32ide/platform/tools/gcc-arm-none-eabi-10.3-2021.10/bin/../lib/gcc/arm-none-eabi/10.3.1/thumb/v7e-m+fp/hard/crtbegin.o
 .rodata        0x00000000       0x24 c:/at32ide/platform/tools/gcc-arm-none-eabi-10.3-2021.10/bin/../lib/gcc/arm-none-eabi/10.3.1/thumb/v7e-m+fp/hard/crtbegin.o
 .text          0x00000000       0x7c c:/at32ide/platform/tools/gcc-arm-none-eabi-10.3-2021.10/bin/../lib/gcc/arm-none-eabi/10.3.1/../../../../arm-none-eabi/lib/thumb/v7e-m+fp/hard/crt0.o
 .data          0x00000000        0x0 c:/at32ide/platform/tools/gcc-arm-none-eabi-10.3-2021.10/bin/../lib/gcc/arm-none-eabi/10.3.1/../../../../arm-none-eabi/lib/thumb/v7e-m+fp/hard/crt0.o
 .bss           0x00000000        0x0 c:/at32ide/platform/tools/gcc-arm-none-eabi-10.3-2021.10/bin/../lib/gcc/arm-none-eabi/10.3.1/../../../../arm-none-eabi/lib/thumb/v7e-m+fp/hard/crt0.o
 .ARM.extab     0x00000000        0x0 c:/at32ide/platform/tools/gcc-arm-none-eabi-10.3-2021.10/bin/../lib/gcc/arm-none-eabi/10.3.1/../../../../arm-none-eabi/lib/thumb/v7e-m+fp/hard/crt0.o
 .ARM.exidx     0x00000000       0x10 c:/at32ide/platform/tools/gcc-arm-none-eabi-10.3-2021.10/bin/../lib/gcc/arm-none-eabi/10.3.1/../../../../arm-none-eabi/lib/thumb/v7e-m+fp/hard/crt0.o
 .ARM.attributes
                0x00000000       0x1c c:/at32ide/platform/tools/gcc-arm-none-eabi-10.3-2021.10/bin/../lib/gcc/arm-none-eabi/10.3.1/../../../../arm-none-eabi/lib/thumb/v7e-m+fp/hard/crt0.o
 .text          0x00000000        0x0 ./user/at32f403a_407_clock.o
 .data          0x00000000        0x0 ./user/at32f403a_407_clock.o
 .bss           0x00000000        0x0 ./user/at32f403a_407_clock.o
 .text          0x00000000        0x0 ./user/at32f403a_407_int.o
 .data          0x00000000        0x0 ./user/at32f403a_407_int.o
 .bss           0x00000000        0x0 ./user/at32f403a_407_int.o
 .text          0x00000000        0x0 ./user/main.o
 .bss           0x00000000        0x0 ./user/main.o
 .text          0x00000000        0x0 ./firmware/at32f403a_407_acc.o
 .data          0x00000000        0x0 ./firmware/at32f403a_407_acc.o
 .bss           0x00000000        0x0 ./firmware/at32f403a_407_acc.o
 .text.acc_calibration_mode_enable
                0x00000000       0x50 ./firmware/at32f403a_407_acc.o
 .text.acc_step_set
                0x00000000       0x2c ./firmware/at32f403a_407_acc.o
 .text.acc_interrupt_enable
                0x00000000       0x4c ./firmware/at32f403a_407_acc.o
 .text.acc_hicktrim_get
[...]
Memory Configuration

Name             Origin             Length             Attributes
FLASH            0x08000000         0x000fa000         xr
RAM              0x20000000         0x00018000         xrw
*default*        0x00000000         0xffffffff

Linker script and memory map

LOAD c:/at32ide/platform/tools/gcc-arm-none-eabi-10.3-2021.10/bin/../lib/gcc/arm-none-eabi/10.3.1/thumb/v7e-m+fp/hard/crti.o
LOAD c:/at32ide/platform/tools/gcc-arm-none-eabi-10.3-2021.10/bin/../lib/gcc/arm-none-eabi/10.3.1/thumb/v7e-m+fp/hard/crtbegin.o
LOAD c:/at32ide/platform/tools/gcc-arm-none-eabi-10.3-2021.10/bin/../lib/gcc/arm-none-eabi/10.3.1/../../../../arm-none-eabi/lib/thumb/v7e-m+fp/hard/crt0.o
LOAD ./user/at32f403a_407_clock.o
LOAD ./user/at32f403a_407_int.o
LOAD ./user/main.o
LOAD ./firmware/at32f403a_407_acc.o
LOAD ./firmware/at32f403a_407_adc.o
LOAD ./firmware/at32f403a_407_bpr.o
LOAD ./firmware/at32f403a_407_can.o
LOAD ./firmware/at32f403a_407_crc.o
LOAD ./firmware/at32f403a_407_crm.o
LOAD ./firmware/at32f403a_407_dac.o
LOAD ./firmware/at32f403a_407_debug.o
LOAD ./firmware/at32f403a_407_dma.o
LOAD ./firmware/at32f403a_407_emac.o
LOAD ./firmware/at32f403a_407_exint.o
LOAD ./firmware/at32f403a_407_flash.o
LOAD ./firmware/at32f403a_407_gpio.o
LOAD ./firmware/at32f403a_407_i2c.o
LOAD ./firmware/at32f403a_407_misc.o
LOAD ./firmware/at32f403a_407_pwc.o
LOAD ./firmware/at32f403a_407_rtc.o
LOAD ./firmware/at32f403a_407_sdio.o
LOAD ./firmware/at32f403a_407_spi.o
LOAD ./firmware/at32f403a_407_tmr.o
LOAD ./firmware/at32f403a_407_usart.o
LOAD ./firmware/at32f403a_407_usb.o
LOAD ./firmware/at32f403a_407_wdt.o
LOAD ./firmware/at32f403a_407_wwdt.o
LOAD ./firmware/at32f403a_407_xmc.o
LOAD ./cmsis/startup_at32f403a_407.o
LOAD ./cmsis/system_at32f403a_407.o
LOAD ./bsp/SRC/GPIO_Init.o
LOAD ./bsp/SRC/at32f403a_407_board.o
START GROUP
LOAD c:/at32ide/platform/tools/gcc-arm-none-eabi-10.3-2021.10/bin/../lib/gcc/arm-none-eabi/10.3.1/thumb/v7e-m+fp/hard\libgcc.a
LOAD c:/at32ide/platform/tools/gcc-arm-none-eabi-10.3-2021.10/bin/../lib/gcc/arm-none-eabi/10.3.1/../../../../arm-none-eabi/lib/thumb/v7e-m+fp/hard\libg_nano.a
LOAD c:/at32ide/platform/tools/gcc-arm-none-eabi-10.3-2021.10/bin/../lib/gcc/arm-none-eabi/10.3.1/../../../../arm-none-eabi/lib/thumb/v7e-m+fp/hard\libc_nano.a
END GROUP
START GROUP
LOAD c:/at32ide/platform/tools/gcc-arm-none-eabi-10.3-2021.10/bin/../lib/gcc/arm-none-eabi/10.3.1/thumb/v7e-m+fp/hard\libgcc.a
LOAD c:/at32ide/platform/tools/gcc-arm-none-eabi-10.3-2021.10/bin/../lib/gcc/arm-none-eabi/10.3.1/../../../../arm-none-eabi/lib/thumb/v7e-m+fp/hard\libc_nano.a
LOAD c:/at32ide/platform/tools/gcc-arm-none-eabi-10.3-2021.10/bin/../lib/gcc/arm-none-eabi/10.3.1/../../../../arm-none-eabi/lib/thumb/v7e-m+fp/hard\libnosys.a
END GROUP
START GROUP
LOAD c:/at32ide/platform/tools/gcc-arm-none-eabi-10.3-2021.10/bin/../lib/gcc/arm-none-eabi/10.3.1/thumb/v7e-m+fp/hard\libgcc.a
LOAD c:/at32ide/platform/tools/gcc-arm-none-eabi-10.3-2021.10/bin/../lib/gcc/arm-none-eabi/10.3.1/../../../../arm-none-eabi/lib/thumb/v7e-m+fp/hard\libc_nano.a
LOAD c:/at32ide/platform/tools/gcc-arm-none-eabi-10.3-2021.10/bin/../lib/gcc/arm-none-eabi/10.3.1/../../../../arm-none-eabi/lib/thumb/v7e-m+fp/hard\libnosys.a
END GROUP
LOAD c:/at32ide/platform/tools/gcc-arm-none-eabi-10.3-2021.10/bin/../lib/gcc/arm-none-eabi/10.3.1/thumb/v7e-m+fp/hard/crtend.o
LOAD c:/at32ide/platform/tools/gcc-arm-none-eabi-10.3-2021.10/bin/../lib/gcc/arm-none-eabi/10.3.1/thumb/v7e-m+fp/hard/crtn.o
                0x20018000                _estack = 0x20018000
                0x00000200                _Min_Heap_Size = 0x200
                0x00000400                _Min_Stack_Size = 0x400

.isr_vector     0x08000000      0x184
                0x08000000                . = ALIGN (0x4)
 *(.isr_vector)
 .isr_vector    0x08000000      0x184 ./cmsis/startup_at32f403a_407.o
                0x08000000                g_pfnVectors
                0x08000184                . = ALIGN (0x4)

.text           0x08000184      0xbd8
                0x08000184                . = ALIGN (0x4)
 *(.text)
 .text          0x08000184       0x40 c:/at32ide/platform/tools/gcc-arm-none-eabi-10.3-2021.10/bin/../lib/gcc/arm-none-eabi/10.3.1/thumb/v7e-m+fp/hard/crtbegin.o
 *(.text*)
 .text.system_clock_config
                0x080001c4       0x7a ./user/at32f403a_407_clock.o
                0x080001c4                system_clock_config
 .text.NMI_Handler
                0x0800023e        0xe ./user/at32f403a_407_int.o
                0x0800023e                NMI_Handler
 .text.HardFault_Handler
                0x0800024c        0x6 ./user/at32f403a_407_int.o
                0x0800024c                HardFault_Handler
 .text.MemManage_Handler
                0x08000252        0x6 ./user/at32f403a_407_int.o
                0x08000252                MemManage_Handler
 .text.BusFault_Handler
                0x08000258        0x6 ./user/at32f403a_407_int.o
                0x08000258                BusFault_Handler
 .text.UsageFault_Handler
                0x0800025e        0x6 ./user/at32f403a_407_int.o
                0x0800025e                UsageFault_Handler
 .text.SVC_Handler
                0x08000264        0xe ./user/at32f403a_407_int.o
                0x08000264                SVC_Handler
 .text.DebugMon_Handler
                0x08000272        0xe ./user/at32f403a_407_int.o
                0x08000272                DebugMon_Handler
 .text.PendSV_Handler
                0x08000280        0xe ./user/at32f403a_407_int.o
                0x08000280                PendSV_Handler
 .text.SysTick_Handler
                0x0800028e        0xe ./user/at32f403a_407_int.o
                0x0800028e                SysTick_Handler
 .text.main     0x0800029c       0x84 ./user/main.o
                0x0800029c                main
 .text.crm_reset
                0x08000320       0x6c ./firmware/at32f403a_407_crm.o
                0x08000320                crm_reset
 .text.crm_flag_get
                0x0800038c       0x50 ./firmware/at32f403a_407_crm.o
                0x0800038c                crm_flag_get
 .text.crm_hext_stable_wait
                0x080003dc       0x4a ./firmware/at32f403a_407_crm.o
                0x080003dc                crm_hext_stable_wait
 .text.crm_periph_clock_enable
                0x08000426       0x7c ./firmware/at32f403a_407_crm.o
                0x08000426                crm_periph_clock_enable
 *fill*         0x080004a2        0x2 
 .text.crm_clock_source_enable
                0x080004a4       0xa8 ./firmware/at32f403a_407_crm.o
                0x080004a4                crm_clock_source_enable
 .text.crm_ahb_div_set
                0x0800054c       0x2c ./firmware/at32f403a_407_crm.o
                0x0800054c                crm_ahb_div_set
 .text.crm_apb1_div_set
                0x08000578       0x2c ./firmware/at32f403a_407_crm.o
                0x08000578                crm_apb1_div_set
 .text.crm_apb2_div_set
                0x080005a4       0x2c ./firmware/at32f403a_407_crm.o
                0x080005a4                crm_apb2_div_set
 .text.crm_pll_config
                0x080005d0       0x94 ./firmware/at32f403a_407_crm.o
                0x080005d0                crm_pll_config
 .text.crm_sysclk_switch
                0x08000664       0x2c ./firmware/at32f403a_407_crm.o
                0x08000664                crm_sysclk_switch
 .text.crm_sysclk_switch_status_get
                0x08000690       0x1c ./firmware/at32f403a_407_crm.o
                0x08000690                crm_sysclk_switch_status_get
 .text.crm_auto_step_mode_enable
                0x080006ac       0x38 ./firmware/at32f403a_407_crm.o
                0x080006ac                crm_auto_step_mode_enable
 .text.crm_hext_clock_div_set
                0x080006e4       0x2c ./firmware/at32f403a_407_crm.o
                0x080006e4                crm_hext_clock_div_set
 .text.gpio_default_para_init
                0x08000710       0x34 ./firmware/at32f403a_407_gpio.o
                0x08000710                gpio_default_para_init
 .text.systick_clock_source_config
                0x08000744       0x3c ./firmware/at32f403a_407_misc.o
                0x08000744                systick_clock_source_config
 .text.Reset_Handler
                0x08000780       0x48 ./cmsis/startup_at32f403a_407.o
                0x08000780                Reset_Handler
 .text.Default_Handler
                0x080007c8        0x2 ./cmsis/startup_at32f403a_407.o
                0x080007c8                SDIO1_IRQHandler
                0x080007c8                XMC_IRQHandler
                0x080007c8                EXINT2_IRQHandler
                0x080007c8                USBFS_L_CAN1_RX0_IRQHandler
                0x080007c8                UART8_IRQHandler
                0x080007c8                SPI4_IRQHandler
                0x080007c8                I2C2_EVT_IRQHandler
                0x080007c8                TMR1_OVF_TMR10_IRQHandler
                0x080007c8                TMR8_TRG_HALL_TMR14_IRQHandler
                0x080007c8                USBFS_H_CAN1_TX_IRQHandler
                0x080007c8                I2C1_ERR_IRQHandler
                0x080007c8                EXINT9_5_IRQHandler
                0x080007c8                EMAC_IRQHandler
                0x080007c8                CAN2_RX1_IRQHandler
                0x080007c8                TMR5_GLOBAL_IRQHandler
                0x080007c8                SDIO2_IRQHandler
                0x080007c8                ADC1_2_IRQHandler
                0x080007c8                SPI1_IRQHandler
                0x080007c8                TAMPER_IRQHandler
                0x080007c8                CAN2_RX0_IRQHandler
                0x080007c8                DMA2_Channel2_IRQHandler
                0x080007c8                DMA1_Channel4_IRQHandler
                0x080007c8                TMR8_CH_IRQHandler
                0x080007c8                USART6_IRQHandler
                0x080007c8                EXINT0_IRQHandler
                0x080007c8                USART3_IRQHandler
                0x080007c8                RTC_IRQHandler
                0x080007c8                DMA1_Channel7_IRQHandler
                0x080007c8                CAN1_RX1_IRQHandler
                0x080007c8                UART5_IRQHandler
                0x080007c8                ADC3_IRQHandler
                0x080007c8                ACC_IRQHandler
                0x080007c8                EMAC_WKUP_IRQHandler
                0x080007c8                DMA2_Channel1_IRQHandler
                0x080007c8                EXINT3_IRQHandler
                0x080007c8                DMA1_Channel6_IRQHandler
                0x080007c8                UART4_IRQHandler
                0x080007c8                DMA1_Channel1_IRQHandler
                0x080007c8                Default_Handler
                0x080007c8                USBFS_MAPH_IRQHandler
                0x080007c8                TMR3_GLOBAL_IRQHandler
                0x080007c8                TMR7_GLOBAL_IRQHandler
                0x080007c8                CAN1_SE_IRQHandler
                0x080007c8                CAN2_TX_IRQHandler
                0x080007c8                I2C3_ERR_IRQHandler
                0x080007c8                SPI3_I2S3EXT_IRQHandler
                0x080007c8                TMR1_BRK_TMR9_IRQHandler
                0x080007c8                USBFS_MAPL_IRQHandler
                0x080007c8                TMR8_BRK_TMR12_IRQHandler
                0x080007c8                TMR1_TRG_HALL_TMR11_IRQHandler
                0x080007c8                DMA1_Channel5_IRQHandler
                0x080007c8                TMR4_GLOBAL_IRQHandler
                0x080007c8                EXINT4_IRQHandler
                0x080007c8                CAN2_SE_IRQHandler
                0x080007c8                DMA2_Channel6_7_IRQHandler
                0x080007c8                PVM_IRQHandler
                0x080007c8                I2C3_EVT_IRQHandler
                0x080007c8                DMA1_Channel3_IRQHandler
                0x080007c8                I2C1_EVT_IRQHandler
                0x080007c8                TMR8_OVF_TMR13_IRQHandler
                0x080007c8                TMR6_GLOBAL_IRQHandler
                0x080007c8                EXINT1_IRQHandler
                0x080007c8                RTCAlarm_IRQHandler
                0x080007c8                DMA2_Channel4_5_IRQHandler
                0x080007c8                UART7_IRQHandler
                0x080007c8                USART2_IRQHandler
                0x080007c8                DMA1_Channel2_IRQHandler
                0x080007c8                TMR2_GLOBAL_IRQHandler
                0x080007c8                FLASH_IRQHandler
                0x080007c8                SPI2_I2S2EXT_IRQHandler
                0x080007c8                I2C2_ERR_IRQHandler
                0x080007c8                USBFSWakeUp_IRQHandler
                0x080007c8                USART1_IRQHandler
                0x080007c8                TMR1_CH_IRQHandler
                0x080007c8                CRM_IRQHandler
                0x080007c8                EXINT15_10_IRQHandler
                0x080007c8                WWDT_IRQHandler
                0x080007c8                DMA2_Channel3_IRQHandler
 *fill*         0x080007ca        0x2 
 .text.SystemInit
                0x080007cc       0x88 ./cmsis/system_at32f403a_407.o
                0x080007cc                SystemInit
 .text.system_core_clock_update
                0x08000854      0x150 ./cmsis/system_at32f403a_407.o
                0x08000854                system_core_clock_update
 .text.GPIO_Init
                0x080009a4       0x30 ./bsp/SRC/GPIO_Init.o
                0x080009a4                GPIO_Init
 .text.GPIO_Init_settings
                0x080009d4       0x60 ./bsp/SRC/GPIO_Init.o
                0x080009d4                GPIO_Init_settings
 .text.GPIO_Init_System
                0x08000a34      0x152 ./bsp/SRC/GPIO_Init.o
                0x08000a34                GPIO_Init_System
 *fill*         0x08000b86        0x2 
 .text.at32_led_off
                0x08000b88       0x48 ./bsp/SRC/at32f403a_407_board.o
                0x08000b88                at32_led_off
 .text.at32_led_toggle
                0x08000bd0       0x54 ./bsp/SRC/at32f403a_407_board.o
                0x08000bd0                at32_led_toggle
 .text.delay_init
                0x08000c24       0x40 ./bsp/SRC/at32f403a_407_board.o
                0x08000c24                delay_init
 .text.delay_ms
                0x08000c64       0x98 ./bsp/SRC/at32f403a_407_board.o
                0x08000c64                delay_ms
 .text.__libc_init_array
                0x08000cfc       0x48 c:/at32ide/platform/tools/gcc-arm-none-eabi-10.3-2021.10/bin/../lib/gcc/arm-none-eabi/10.3.1/../../../../arm-none-eabi/lib/thumb/v7e-m+fp/hard\libg_nano.a(lib_a-init.o)
                0x08000cfc                __libc_init_array
 *(.glue_7)
 .glue_7        0x08000d44        0x0 linker stubs
 *(.glue_7t)
 .glue_7t       0x08000d44        0x0 linker stubs
 *(.eh_frame)
 .eh_frame      0x08000d44        0x0 c:/at32ide/platform/tools/gcc-arm-none-eabi-10.3-2021.10/bin/../lib/gcc/arm-none-eabi/10.3.1/thumb/v7e-m+fp/hard/crtbegin.o
 *(.init)
 .init          0x08000d44        0x4 c:/at32ide/platform/tools/gcc-arm-none-eabi-10.3-2021.10/bin/../lib/gcc/arm-none-eabi/10.3.1/thumb/v7e-m+fp/hard/crti.o
                0x08000d44                _init
 .init          0x08000d48        0x8 c:/at32ide/platform/tools/gcc-arm-none-eabi-10.3-2021.10/bin/../lib/gcc/arm-none-eabi/10.3.1/thumb/v7e-m+fp/hard/crtn.o
 *(.fini)
 .fini          0x08000d50        0x4 c:/at32ide/platform/tools/gcc-arm-none-eabi-10.3-2021.10/bin/../lib/gcc/arm-none-eabi/10.3.1/thumb/v7e-m+fp/hard/crti.o
                0x08000d50                _fini
 .fini          0x08000d54        0x8 c:/at32ide/platform/tools/gcc-arm-none-eabi-10.3-2021.10/bin/../lib/gcc/arm-none-eabi/10.3.1/thumb/v7e-m+fp/hard/crtn.o
                0x08000d5c                . = ALIGN (0x4)
                0x08000d5c                _etext = .

.vfp11_veneer   0x08000d5c        0x0
 .vfp11_veneer  0x08000d5c        0x0 linker stubs

.v4_bx          0x08000d5c        0x0
 .v4_bx         0x08000d5c        0x0 linker stubs

.iplt           0x08000d5c        0x0
 .iplt          0x08000d5c        0x0 c:/at32ide/platform/tools/gcc-arm-none-eabi-10.3-2021.10/bin/../lib/gcc/arm-none-eabi/10.3.1/thumb/v7e-m+fp/hard/crtbegin.o

.rodata         0x08000d5c       0x10
                0x08000d5c                . = ALIGN (0x4)
 *(.rodata)
 .rodata        0x08000d5c       0x10 ./cmsis/system_at32f403a_407.o
 *(.rodata*)
                0x08000d6c                . = ALIGN (0x4)

.rel.dyn        0x08000d6c        0x0
 .rel.iplt      0x08000d6c        0x0 c:/at32ide/platform/tools/gcc-arm-none-eabi-10.3-2021.10/bin/../lib/gcc/arm-none-eabi/10.3.1/thumb/v7e-m+fp/hard/crtbegin.o

.ARM.extab
 *(.ARM.extab* .gnu.linkonce.armextab.*)

.ARM            0x08000d6c        0x0
                0x08000d6c                __exidx_start = .
 *(.ARM.exidx*)
                0x08000d6c                __exidx_end = .

.preinit_array  0x08000d6c        0x0
                0x08000d6c                PROVIDE (__preinit_array_start = .)
 *(.preinit_array*)
                0x08000d6c                PROVIDE (__preinit_array_end = .)

.init_array     0x08000d6c        0x4
                0x08000d6c                PROVIDE (__init_array_start = .)
 *(SORT_BY_NAME(.init_array.*))
 *(.init_array*)
 .init_array    0x08000d6c        0x4 c:/at32ide/platform/tools/gcc-arm-none-eabi-10.3-2021.10/bin/../lib/gcc/arm-none-eabi/10.3.1/thumb/v7e-m+fp/hard/crtbegin.o
                0x08000d70                PROVIDE (__init_array_end = .)

.fini_array     0x08000d70        0x4
                [!provide]                PROVIDE (__fini_array_start = .)
 *(SORT_BY_NAME(.fini_array.*))
 *(.fini_array*)
 .fini_array    0x08000d70        0x4 c:/at32ide/platform/tools/gcc-arm-none-eabi-10.3-2021.10/bin/../lib/gcc/arm-none-eabi/10.3.1/thumb/v7e-m+fp/hard/crtbegin.o
                [!provide]                PROVIDE (__fini_array_end = .)
                0x08000d74                _sidata = LOADADDR (.data)

.data           0x20000000       0x28 load address 0x08000d74
                0x20000000                . = ALIGN (0x4)
                0x20000000                _sdata = .
 *(.data)
 .data          0x20000000        0x1 ./user/main.o
                0x20000000                g_speed
 *fill*         0x20000001        0x3 
 .data          0x20000004        0x4 ./cmsis/system_at32f403a_407.o
                0x20000004                system_core_clock
 .data          0x20000008       0x20 ./bsp/SRC/at32f403a_407_board.o
                0x20000008                led_gpio_port
                0x20000014                led_gpio_pin
                0x2000001c                led_gpio_crm_clk
 *(.data*)
                0x20000028                . = ALIGN (0x4)
                0x20000028                _edata = .

.igot.plt       0x20000028        0x0 load address 0x08000d9c
 .igot.plt      0x20000028        0x0 c:/at32ide/platform/tools/gcc-arm-none-eabi-10.3-2021.10/bin/../lib/gcc/arm-none-eabi/10.3.1/thumb/v7e-m+fp/hard/crtbegin.o
                0x20000028                . = ALIGN (0x4)

.bss            0x20000028       0x24 load address 0x08000d9c
                0x20000028                _sbss = .
                0x20000028                __bss_start__ = _sbss
 *(.bss)
 .bss           0x20000028       0x1c c:/at32ide/platform/tools/gcc-arm-none-eabi-10.3-2021.10/bin/../lib/gcc/arm-none-eabi/10.3.1/thumb/v7e-m+fp/hard/crtbegin.o
 .bss           0x20000044        0x8 ./bsp/SRC/at32f403a_407_board.o
 *(.bss*)
 *(COMMON)
                0x2000004c                . = ALIGN (0x4)
                0x2000004c                _ebss = .
                0x2000004c                __bss_end__ = _ebss

._user_heap_stack
                0x2000004c      0x604 load address 0x08000d9c
                0x20000050                . = ALIGN (0x8)
 *fill*         0x2000004c        0x4 
                [!provide]                PROVIDE (end = .)
                [!provide]                PROVIDE (_end = .)
                0x20000250                . = (. + _Min_Heap_Size)
 *fill*         0x20000050      0x200 
                0x20000650                . = (. + _Min_Stack_Size)
 *fill*         0x20000250      0x400 
                0x20000650                . = ALIGN (0x8)

/DISCARD/
 libc.a(*)
 libm.a(*)
 libgcc.a(*)

.ARM.attributes
                0x00000000       0x30
 *(.ARM.attributes)
 .ARM.attributes
                0x00000000       0x1e c:/at32ide/platform/tools/gcc-arm-none-eabi-10.3-2021.10/bin/../lib/gcc/arm-none-eabi/10.3.1/thumb/v7e-m+fp/hard/crti.o
 .ARM.attributes
                0x0000001e       0x34 c:/at32ide/platform/tools/gcc-arm-none-eabi-10.3-2021.10/bin/../lib/gcc/arm-none-eabi/10.3.1/thumb/v7e-m+fp/hard/crtbegin.o
 .ARM.attributes
                0x00000052       0x34 ./user/at32f403a_407_clock.o
 .ARM.attributes
                0x00000086       0x34 ./user/at32f403a_407_int.o
 .ARM.attributes
                0x000000ba       0x34 ./user/main.o
 .ARM.attributes
                0x000000ee       0x34 ./firmware/at32f403a_407_crm.o
 .ARM.attributes
                0x00000122       0x34 ./firmware/at32f403a_407_gpio.o
 .ARM.attributes
                0x00000156       0x34 ./firmware/at32f403a_407_misc.o
 .ARM.attributes
                0x0000018a       0x21 ./cmsis/startup_at32f403a_407.o
 .ARM.attributes
                0x000001ab       0x34 ./cmsis/system_at32f403a_407.o
 .ARM.attributes
                0x000001df       0x34 ./bsp/SRC/GPIO_Init.o
 .ARM.attributes
                0x00000213       0x34 ./bsp/SRC/at32f403a_407_board.o
 .ARM.attributes
                0x00000247       0x34 c:/at32ide/platform/tools/gcc-arm-none-eabi-10.3-2021.10/bin/../lib/gcc/arm-none-eabi/10.3.1/../../../../arm-none-eabi/lib/thumb/v7e-m+fp/hard\libg_nano.a(lib_a-init.o)
 .ARM.attributes
                0x0000027b       0x1e c:/at32ide/platform/tools/gcc-arm-none-eabi-10.3-2021.10/bin/../lib/gcc/arm-none-eabi/10.3.1/thumb/v7e-m+fp/hard/crtn.o
OUTPUT(LED_with_new_function.elf elf32-littlearm)
LOAD linker stubs
LOAD c:/at32ide/platform/tools/gcc-arm-none-eabi-10.3-2021.10/bin/../lib/gcc/arm-none-eabi/10.3.1/../../../../arm-none-eabi/lib/thumb/v7e-m+fp/hard\libc.a
LOAD c:/at32ide/platform/tools/gcc-arm-none-eabi-10.3-2021.10/bin/../lib/gcc/arm-none-eabi/10.3.1/../../../../arm-none-eabi/lib/thumb/v7e-m+fp/hard\libm.a
LOAD c:/at32ide/platform/tools/gcc-arm-none-eabi-10.3-2021.10/bin/../lib/gcc/arm-none-eabi/10.3.1/thumb/v7e-m+fp/hard\libgcc.a

.debug_info     0x00000000     0x9376
 .debug_info    0x00000000      0x3cc ./user/at32f403a_407_clock.o
 .debug_info    0x000003cc      0x10e ./user/at32f403a_407_int.o
 .debug_info    0x000004da      0x16a ./user/main.o
 .debug_info    0x00000644     0x2465 ./firmware/at32f403a_407_crm.o
 .debug_info    0x00002aa9     0x1f2b ./firmware/at32f403a_407_gpio.o
 .debug_info    0x000049d4      0x9ea ./firmware/at32f403a_407_misc.o
 .debug_info    0x000053be       0x22 ./cmsis/startup_at32f403a_407.o
 .debug_info    0x000053e0     0x1647 ./cmsis/system_at32f403a_407.o
 .debug_info    0x00006a27     0x10e5 ./bsp/SRC/GPIO_Init.o
 .debug_info    0x00007b0c     0x186a ./bsp/SRC/at32f403a_407_board.o

.debug_abbrev   0x00000000      0xdc4
 .debug_abbrev  0x00000000       0x78 ./user/at32f403a_407_clock.o
 .debug_abbrev  0x00000078       0x44 ./user/at32f403a_407_int.o
 .debug_abbrev  0x000000bc       0x84 ./user/main.o
 .debug_abbrev  0x00000140      0x229 ./firmware/at32f403a_407_crm.o
 .debug_abbrev  0x00000369      0x215 ./firmware/at32f403a_407_gpio.o
 .debug_abbrev  0x0000057e      0x245 ./firmware/at32f403a_407_misc.o
 .debug_abbrev  0x000007c3       0x12 ./cmsis/startup_at32f403a_407.o
 .debug_abbrev  0x000007d5      0x187 ./cmsis/system_at32f403a_407.o
 .debug_abbrev  0x0000095c      0x1a7 ./bsp/SRC/GPIO_Init.o
 .debug_abbrev  0x00000b03      0x2c1 ./bsp/SRC/at32f403a_407_board.o

.debug_aranges  0x00000000      0x3f0
 .debug_aranges
                0x00000000       0x20 ./user/at32f403a_407_clock.o
 .debug_aranges
                0x00000020       0x60 ./user/at32f403a_407_int.o
 .debug_aranges
                0x00000080       0x20 ./user/main.o
 .debug_aranges
                0x000000a0      0x138 ./firmware/at32f403a_407_crm.o
 .debug_aranges
                0x000001d8       0xa8 ./firmware/at32f403a_407_gpio.o
 .debug_aranges
                0x00000280       0x88 ./firmware/at32f403a_407_misc.o
 .debug_aranges
                0x00000308       0x28 ./cmsis/startup_at32f403a_407.o
 .debug_aranges
                0x00000330       0x28 ./cmsis/system_at32f403a_407.o
 .debug_aranges
                0x00000358       0x30 ./bsp/SRC/GPIO_Init.o
 .debug_aranges
                0x00000388       0x68 ./bsp/SRC/at32f403a_407_board.o

.debug_ranges   0x00000000      0x358
 .debug_ranges  0x00000000       0x10 ./user/at32f403a_407_clock.o
 .debug_ranges  0x00000010       0x50 ./user/at32f403a_407_int.o
 .debug_ranges  0x00000060       0x10 ./user/main.o
 .debug_ranges  0x00000070      0x128 ./firmware/at32f403a_407_crm.o
 .debug_ranges  0x00000198       0x98 ./firmware/at32f403a_407_gpio.o
 .debug_ranges  0x00000230       0x78 ./firmware/at32f403a_407_misc.o
 .debug_ranges  0x000002a8       0x20 ./cmsis/startup_at32f403a_407.o
 .debug_ranges  0x000002c8       0x18 ./cmsis/system_at32f403a_407.o
 .debug_ranges  0x000002e0       0x20 ./bsp/SRC/GPIO_Init.o
 .debug_ranges  0x00000300       0x58 ./bsp/SRC/at32f403a_407_board.o

.debug_line     0x00000000     0x21d1
 .debug_line    0x00000000      0x1dd ./user/at32f403a_407_clock.o
 .debug_line    0x000001dd       0xfd ./user/at32f403a_407_int.o
 .debug_line    0x000002da      0x192 ./user/main.o
 .debug_line    0x0000046c      0x81d ./firmware/at32f403a_407_crm.o
 .debug_line    0x00000c89      0x5af ./firmware/at32f403a_407_gpio.o
 .debug_line    0x00001238      0x442 ./firmware/at32f403a_407_misc.o
 .debug_line    0x0000167a       0x7c ./cmsis/startup_at32f403a_407.o
 .debug_line    0x000016f6      0x33a ./cmsis/system_at32f403a_407.o
 .debug_line    0x00001a30      0x309 ./bsp/SRC/GPIO_Init.o
 .debug_line    0x00001d39      0x498 ./bsp/SRC/at32f403a_407_board.o

.debug_str      0x00000000     0x3e17
 .debug_str     0x00000000      0x7bc ./user/at32f403a_407_clock.o
                                0x7ff (size before relaxing)
 .debug_str     0x000007bc       0xac ./user/at32f403a_407_int.o
                                0x1f4 (size before relaxing)
 .debug_str     0x00000868      0x1bd ./user/main.o
                                0x326 (size before relaxing)
 .debug_str     0x00000a25     0x1a3d ./firmware/at32f403a_407_crm.o
                               0x225d (size before relaxing)
 .debug_str     0x00002462      0xd8f ./firmware/at32f403a_407_gpio.o
                               0x13c2 (size before relaxing)
 .debug_str     0x000031f1      0x93f ./firmware/at32f403a_407_misc.o
                                0xaf4 (size before relaxing)
 .debug_str     0x00003b30       0x2f ./cmsis/startup_at32f403a_407.o
                                 0x5f (size before relaxing)
 .debug_str     0x00003b5f       0x68 ./cmsis/system_at32f403a_407.o
                                0xb42 (size before relaxing)
 .debug_str     0x00003bc7       0x6c ./bsp/SRC/GPIO_Init.o
                                0xc11 (size before relaxing)
 .debug_str     0x00003c33      0x1e4 ./bsp/SRC/at32f403a_407_board.o
                                0xfd1 (size before relaxing)

.comment        0x00000000       0x49
 .comment       0x00000000       0x49 ./user/at32f403a_407_clock.o
                                 0x4a (size before relaxing)
 .comment       0x00000049       0x4a ./user/at32f403a_407_int.o
 .comment       0x00000049       0x4a ./user/main.o
 .comment       0x00000049       0x4a ./firmware/at32f403a_407_crm.o
 .comment       0x00000049       0x4a ./firmware/at32f403a_407_gpio.o
 .comment       0x00000049       0x4a ./firmware/at32f403a_407_misc.o
 .comment       0x00000049       0x4a ./cmsis/system_at32f403a_407.o
 .comment       0x00000049       0x4a ./bsp/SRC/GPIO_Init.o
 .comment       0x00000049       0x4a ./bsp/SRC/at32f403a_407_board.o

.debug_frame    0x00000000      0xe4c
 .debug_frame   0x00000000       0x2c ./user/at32f403a_407_clock.o
 .debug_frame   0x0000002c      0x110 ./user/at32f403a_407_int.o
 .debug_frame   0x0000013c       0x2c ./user/main.o
 .debug_frame   0x00000168      0x590 ./firmware/at32f403a_407_crm.o
 .debug_frame   0x000006f8      0x2d0 ./firmware/at32f403a_407_gpio.o
 .debug_frame   0x000009c8      0x210 ./firmware/at32f403a_407_misc.o
 .debug_frame   0x00000bd8       0x54 ./cmsis/system_at32f403a_407.o
 .debug_frame   0x00000c2c       0x78 ./bsp/SRC/GPIO_Init.o
 .debug_frame   0x00000ca4      0x17c ./bsp/SRC/at32f403a_407_board.o
 .debug_frame   0x00000e20       0x2c c:/at32ide/platform/tools/gcc-arm-none-eabi-10.3-2021.10/bin/../lib/gcc/arm-none-eabi/10.3.1/../../../../arm-none-eabi/lib/thumb/v7e-m+fp/hard\libg_nano.a(lib_a-init.o)
