Archive member included to satisfy reference by file (symbol)

d:/at32ide/platform/tools/gcc-arm-none-eabi-10.3-2021.10/bin/../lib/gcc/arm-none-eabi/10.3.1/thumb/v7e-m+fp/hard\libgcc.a(_arm_addsubdf3.o)
                              ./user/main.o (__aeabi_f2d)
d:/at32ide/platform/tools/gcc-arm-none-eabi-10.3-2021.10/bin/../lib/gcc/arm-none-eabi/10.3.1/../../../../arm-none-eabi/lib/thumb/v7e-m+fp/hard\libg_nano.a(lib_a-errno.o)
                              ./bsp/bsp_system/syscalls.o (__errno)
d:/at32ide/platform/tools/gcc-arm-none-eabi-10.3-2021.10/bin/../lib/gcc/arm-none-eabi/10.3.1/../../../../arm-none-eabi/lib/thumb/v7e-m+fp/hard\libg_nano.a(lib_a-exit.o)
                              d:/at32ide/platform/tools/gcc-arm-none-eabi-10.3-2021.10/bin/../lib/gcc/arm-none-eabi/10.3.1/../../../../arm-none-eabi/lib/thumb/v7e-m+fp/hard/crt0.o (exit)
d:/at32ide/platform/tools/gcc-arm-none-eabi-10.3-2021.10/bin/../lib/gcc/arm-none-eabi/10.3.1/../../../../arm-none-eabi/lib/thumb/v7e-m+fp/hard\libg_nano.a(lib_a-impure.o)
                              d:/at32ide/platform/tools/gcc-arm-none-eabi-10.3-2021.10/bin/../lib/gcc/arm-none-eabi/10.3.1/../../../../arm-none-eabi/lib/thumb/v7e-m+fp/hard\libg_nano.a(lib_a-exit.o) (_global_impure_ptr)
d:/at32ide/platform/tools/gcc-arm-none-eabi-10.3-2021.10/bin/../lib/gcc/arm-none-eabi/10.3.1/../../../../arm-none-eabi/lib/thumb/v7e-m+fp/hard\libg_nano.a(lib_a-init.o)
                              d:/at32ide/platform/tools/gcc-arm-none-eabi-10.3-2021.10/bin/../lib/gcc/arm-none-eabi/10.3.1/../../../../arm-none-eabi/lib/thumb/v7e-m+fp/hard/crt0.o (__libc_init_array)
d:/at32ide/platform/tools/gcc-arm-none-eabi-10.3-2021.10/bin/../lib/gcc/arm-none-eabi/10.3.1/../../../../arm-none-eabi/lib/thumb/v7e-m+fp/hard\libg_nano.a(lib_a-memset.o)
                              d:/at32ide/platform/tools/gcc-arm-none-eabi-10.3-2021.10/bin/../lib/gcc/arm-none-eabi/10.3.1/../../../../arm-none-eabi/lib/thumb/v7e-m+fp/hard/crt0.o (memset)
d:/at32ide/platform/tools/gcc-arm-none-eabi-10.3-2021.10/bin/../lib/gcc/arm-none-eabi/10.3.1/../../../../arm-none-eabi/lib/thumb/v7e-m+fp/hard\libg_nano.a(lib_a-sprintf.o)
                              ./user/main.o (sprintf)
d:/at32ide/platform/tools/gcc-arm-none-eabi-10.3-2021.10/bin/../lib/gcc/arm-none-eabi/10.3.1/../../../../arm-none-eabi/lib/thumb/v7e-m+fp/hard\libg_nano.a(lib_a-nano-svfprintf.o)
                              d:/at32ide/platform/tools/gcc-arm-none-eabi-10.3-2021.10/bin/../lib/gcc/arm-none-eabi/10.3.1/../../../../arm-none-eabi/lib/thumb/v7e-m+fp/hard\libg_nano.a(lib_a-sprintf.o) (_svfprintf_r)
d:/at32ide/platform/tools/gcc-arm-none-eabi-10.3-2021.10/bin/../lib/gcc/arm-none-eabi/10.3.1/../../../../arm-none-eabi/lib/thumb/v7e-m+fp/hard\libg_nano.a(lib_a-nano-vfprintf_i.o)
                              d:/at32ide/platform/tools/gcc-arm-none-eabi-10.3-2021.10/bin/../lib/gcc/arm-none-eabi/10.3.1/../../../../arm-none-eabi/lib/thumb/v7e-m+fp/hard\libg_nano.a(lib_a-nano-svfprintf.o) (_printf_i)
d:/at32ide/platform/tools/gcc-arm-none-eabi-10.3-2021.10/bin/../lib/gcc/arm-none-eabi/10.3.1/../../../../arm-none-eabi/lib/thumb/v7e-m+fp/hard\libg_nano.a(lib_a-memchr.o)
                              d:/at32ide/platform/tools/gcc-arm-none-eabi-10.3-2021.10/bin/../lib/gcc/arm-none-eabi/10.3.1/../../../../arm-none-eabi/lib/thumb/v7e-m+fp/hard\libg_nano.a(lib_a-nano-svfprintf.o) (memchr)
d:/at32ide/platform/tools/gcc-arm-none-eabi-10.3-2021.10/bin/../lib/gcc/arm-none-eabi/10.3.1/../../../../arm-none-eabi/lib/thumb/v7e-m+fp/hard\libg_nano.a(lib_a-memcpy-stub.o)
                              d:/at32ide/platform/tools/gcc-arm-none-eabi-10.3-2021.10/bin/../lib/gcc/arm-none-eabi/10.3.1/../../../../arm-none-eabi/lib/thumb/v7e-m+fp/hard\libg_nano.a(lib_a-nano-svfprintf.o) (memcpy)
d:/at32ide/platform/tools/gcc-arm-none-eabi-10.3-2021.10/bin/../lib/gcc/arm-none-eabi/10.3.1/../../../../arm-none-eabi/lib/thumb/v7e-m+fp/hard\libg_nano.a(lib_a-memmove.o)
                              d:/at32ide/platform/tools/gcc-arm-none-eabi-10.3-2021.10/bin/../lib/gcc/arm-none-eabi/10.3.1/../../../../arm-none-eabi/lib/thumb/v7e-m+fp/hard\libg_nano.a(lib_a-nano-svfprintf.o) (memmove)
d:/at32ide/platform/tools/gcc-arm-none-eabi-10.3-2021.10/bin/../lib/gcc/arm-none-eabi/10.3.1/../../../../arm-none-eabi/lib/thumb/v7e-m+fp/hard\libg_nano.a(lib_a-nano-freer.o)
                              d:/at32ide/platform/tools/gcc-arm-none-eabi-10.3-2021.10/bin/../lib/gcc/arm-none-eabi/10.3.1/../../../../arm-none-eabi/lib/thumb/v7e-m+fp/hard\libg_nano.a(lib_a-nano-svfprintf.o) (_free_r)
d:/at32ide/platform/tools/gcc-arm-none-eabi-10.3-2021.10/bin/../lib/gcc/arm-none-eabi/10.3.1/../../../../arm-none-eabi/lib/thumb/v7e-m+fp/hard\libg_nano.a(lib_a-nano-mallocr.o)
                              d:/at32ide/platform/tools/gcc-arm-none-eabi-10.3-2021.10/bin/../lib/gcc/arm-none-eabi/10.3.1/../../../../arm-none-eabi/lib/thumb/v7e-m+fp/hard\libg_nano.a(lib_a-nano-svfprintf.o) (_malloc_r)
[...]
Memory Configuration

Name             Origin             Length             Attributes
FLASH            0x08000000         0x000fa000         xr
RAM              0x20000000         0x00018000         xrw
*default*        0x00000000         0xffffffff

Linker script and memory map

LOAD d:/at32ide/platform/tools/gcc-arm-none-eabi-10.3-2021.10/bin/../lib/gcc/arm-none-eabi/10.3.1/thumb/v7e-m+fp/hard/crti.o
LOAD d:/at32ide/platform/tools/gcc-arm-none-eabi-10.3-2021.10/bin/../lib/gcc/arm-none-eabi/10.3.1/thumb/v7e-m+fp/hard/crtbegin.o
LOAD d:/at32ide/platform/tools/gcc-arm-none-eabi-10.3-2021.10/bin/../lib/gcc/arm-none-eabi/10.3.1/../../../../arm-none-eabi/lib/thumb/v7e-m+fp/hard/crt0.o
LOAD ./user/at32f403a_407_clock.o
LOAD ./user/at32f403a_407_int.o
LOAD ./user/main.o
LOAD ./firmware/at32f403a_407_acc.o
LOAD ./firmware/at32f403a_407_adc.o
LOAD ./firmware/at32f403a_407_bpr.o
LOAD ./firmware/at32f403a_407_can.o
LOAD ./firmware/at32f403a_407_crc.o
LOAD ./firmware/at32f403a_407_crm.o
LOAD ./firmware/at32f403a_407_dac.o
LOAD ./firmware/at32f403a_407_debug.o
LOAD ./firmware/at32f403a_407_dma.o
LOAD ./firmware/at32f403a_407_emac.o
LOAD ./firmware/at32f403a_407_exint.o
LOAD ./firmware/at32f403a_407_flash.o
LOAD ./firmware/at32f403a_407_gpio.o
LOAD ./firmware/at32f403a_407_i2c.o
LOAD ./firmware/at32f403a_407_misc.o
LOAD ./firmware/at32f403a_407_pwc.o
LOAD ./firmware/at32f403a_407_rtc.o
LOAD ./firmware/at32f403a_407_sdio.o
LOAD ./firmware/at32f403a_407_spi.o
LOAD ./firmware/at32f403a_407_tmr.o
LOAD ./firmware/at32f403a_407_usart.o
LOAD ./firmware/at32f403a_407_usb.o
LOAD ./firmware/at32f403a_407_wdt.o
LOAD ./firmware/at32f403a_407_wwdt.o
LOAD ./firmware/at32f403a_407_xmc.o
LOAD ./cmsis/startup_at32f403a_407.o
LOAD ./cmsis/system_at32f403a_407.o
LOAD ./bsp/lcd_library/lcd-i2c.o
LOAD ./bsp/bsp_system/syscalls.o
LOAD ./bsp/bsp_system/sysmem.o
LOAD ./bsp/SRC/at32f403a_407_board.o
LOAD ./bsp/SRC/bsp_CONFIGURATION_array.o
LOAD ./bsp/SRC/bsp_GPIO.o
LOAD ./bsp/SRC/bsp_I2C.o
LOAD ./bsp/SRC/bsp_TIMER.o
LOAD ./bsp/SRC/bsp_USART.o
LOAD ./bsp/SRC/bsp_delay.o
LOAD ./bsp/SRC/bsp_led.o
LOAD ./bsp/SRC/soft_i2c.o
START GROUP
LOAD d:/at32ide/platform/tools/gcc-arm-none-eabi-10.3-2021.10/bin/../lib/gcc/arm-none-eabi/10.3.1/thumb/v7e-m+fp/hard\libgcc.a
LOAD d:/at32ide/platform/tools/gcc-arm-none-eabi-10.3-2021.10/bin/../lib/gcc/arm-none-eabi/10.3.1/../../../../arm-none-eabi/lib/thumb/v7e-m+fp/hard\libg_nano.a
LOAD d:/at32ide/platform/tools/gcc-arm-none-eabi-10.3-2021.10/bin/../lib/gcc/arm-none-eabi/10.3.1/../../../../arm-none-eabi/lib/thumb/v7e-m+fp/hard\libc_nano.a
END GROUP
START GROUP
LOAD d:/at32ide/platform/tools/gcc-arm-none-eabi-10.3-2021.10/bin/../lib/gcc/arm-none-eabi/10.3.1/thumb/v7e-m+fp/hard\libgcc.a
LOAD d:/at32ide/platform/tools/gcc-arm-none-eabi-10.3-2021.10/bin/../lib/gcc/arm-none-eabi/10.3.1/../../../../arm-none-eabi/lib/thumb/v7e-m+fp/hard\libc_nano.a
LOAD d:/at32ide/platform/tools/gcc-arm-none-eabi-10.3-2021.10/bin/../lib/gcc/arm-none-eabi/10.3.1/../../../../arm-none-eabi/lib/thumb/v7e-m+fp/hard\libnosys.a
END GROUP
START GROUP
LOAD d:/at32ide/platform/tools/gcc-arm-none-eabi-10.3-2021.10/bin/../lib/gcc/arm-none-eabi/10.3.1/thumb/v7e-m+fp/hard\libgcc.a
LOAD d:/at32ide/platform/tools/gcc-arm-none-eabi-10.3-2021.10/bin/../lib/gcc/arm-none-eabi/10.3.1/../../../../arm-none-eabi/lib/thumb/v7e-m+fp/hard\libc_nano.a
LOAD d:/at32ide/platform/tools/gcc-arm-none-eabi-10.3-2021.10/bin/../lib/gcc/arm-none-eabi/10.3.1/../../../../arm-none-eabi/lib/thumb/v7e-m+fp/hard\libnosys.a
END GROUP
LOAD d:/at32ide/platform/tools/gcc-arm-none-eabi-10.3-2021.10/bin/../lib/gcc/arm-none-eabi/10.3.1/thumb/v7e-m+fp/hard/crtend.o
LOAD d:/at32ide/platform/tools/gcc-arm-none-eabi-10.3-2021.10/bin/../lib/gcc/arm-none-eabi/10.3.1/thumb/v7e-m+fp/hard/crtn.o
                0x20018000                _estack = 0x20018000
                0x00000200                _Min_Heap_Size = 0x200
                0x00000400                _Min_Stack_Size = 0x400

.isr_vector     0x08000000      0x184
                0x08000000                . = ALIGN (0x4)
 *(.isr_vector)
 .isr_vector    0x08000000      0x184 ./cmsis/startup_at32f403a_407.o
                0x08000000                g_pfnVectors
                0x08000184                . = ALIGN (0x4)

.text           0x08000184     0x1764
                0x08000184                . = ALIGN (0x4)
 *(.text)
 .text          0x08000184       0x40 d:/at32ide/platform/tools/gcc-arm-none-eabi-10.3-2021.10/bin/../lib/gcc/arm-none-eabi/10.3.1/thumb/v7e-m+fp/hard/crtbegin.o
 *(.text*)
 .text.system_clock_config
                0x080001c4       0x7a ./user/at32f403a_407_clock.o
                0x080001c4                system_clock_config
 .text.NMI_Handler
                0x0800023e        0xe ./user/at32f403a_407_int.o
                0x0800023e                NMI_Handler
 .text.HardFault_Handler
                0x0800024c        0x6 ./user/at32f403a_407_int.o
                0x0800024c                HardFault_Handler
 .text.MemManage_Handler
                0x08000252        0x6 ./user/at32f403a_407_int.o
                0x08000252                MemManage_Handler
 .text.BusFault_Handler
                0x08000258        0x6 ./user/at32f403a_407_int.o
                0x08000258                BusFault_Handler
 .text.UsageFault_Handler
                0x0800025e        0x6 ./user/at32f403a_407_int.o
                0x0800025e                UsageFault_Handler
 .text.SVC_Handler
                0x08000264        0xe ./user/at32f403a_407_int.o
                0x08000264                SVC_Handler
 .text.DebugMon_Handler
                0x08000272        0xe ./user/at32f403a_407_int.o
                0x08000272                DebugMon_Handler
 .text.PendSV_Handler
                0x08000280        0xe ./user/at32f403a_407_int.o
                0x08000280                PendSV_Handler
 .text.SysTick_Handler
                0x0800028e        0xe ./user/at32f403a_407_int.o
                0x0800028e                SysTick_Handler
 .text.TMR1_OVF_TMR10_IRQHandler
                0x0800029c       0x34 ./user/main.o
                0x0800029c                TMR1_OVF_TMR10_IRQHandler
 .text.main     0x080002d0       0x4c ./user/main.o
                0x080002d0                main
 .text.system_printf
                0x0800031c       0x18 ./user/main.o
                0x0800031c                system_printf
 .text.crm_reset
                0x08000334       0x6c ./firmware/at32f403a_407_crm.o
                0x08000334                crm_reset
 .text.crm_flag_get
                0x080003a0       0x50 ./firmware/at32f403a_407_crm.o
                0x080003a0                crm_flag_get
 .text.crm_hext_stable_wait
                0x080003f0       0x4a ./firmware/at32f403a_407_crm.o
                0x080003f0                crm_hext_stable_wait
 .text.crm_periph_clock_enable
                0x0800043a       0x7c ./firmware/at32f403a_407_crm.o
                0x0800043a                crm_periph_clock_enable
 *fill*         0x080004b6        0x2 
 .text.crm_clock_source_enable
                0x080004b8       0xa8 ./firmware/at32f403a_407_crm.o
                0x080004b8                crm_clock_source_enable
 .text.crm_ahb_div_set
                0x08000560       0x2c ./firmware/at32f403a_407_crm.o
                0x08000560                crm_ahb_div_set
 .text.crm_apb1_div_set
                0x0800058c       0x2c ./firmware/at32f403a_407_crm.o
                0x0800058c                crm_apb1_div_set
 .text.crm_apb2_div_set
                0x080005b8       0x2c ./firmware/at32f403a_407_crm.o
                0x080005b8                crm_apb2_div_set
 .text.crm_pll_config
                0x080005e4       0x94 ./firmware/at32f403a_407_crm.o
                0x080005e4                crm_pll_config
 .text.crm_sysclk_switch
                0x08000678       0x2c ./firmware/at32f403a_407_crm.o
                0x08000678                crm_sysclk_switch
 .text.crm_sysclk_switch_status_get
                0x080006a4       0x1c ./firmware/at32f403a_407_crm.o
                0x080006a4                crm_sysclk_switch_status_get
 .text.crm_clocks_freq_get
                0x080006c0      0x1d4 ./firmware/at32f403a_407_crm.o
                0x080006c0                crm_clocks_freq_get
 .text.crm_auto_step_mode_enable
                0x08000894       0x38 ./firmware/at32f403a_407_crm.o
                0x08000894                crm_auto_step_mode_enable
 .text.crm_hext_clock_div_set
                0x080008cc       0x2c ./firmware/at32f403a_407_crm.o
                0x080008cc                crm_hext_clock_div_set
 .text.gpio_input_data_bit_read
                0x080008f8       0x36 ./firmware/at32f403a_407_gpio.o
                0x080008f8                gpio_input_data_bit_read
 .text.gpio_bits_set
                0x0800092e       0x1e ./firmware/at32f403a_407_gpio.o
                0x0800092e                gpio_bits_set
 .text.gpio_bits_reset
                0x0800094c       0x1e ./firmware/at32f403a_407_gpio.o
                0x0800094c                gpio_bits_reset
 *fill*         0x0800096a        0x2 
 .text.__NVIC_SetPriorityGrouping
                0x0800096c       0x48 ./firmware/at32f403a_407_misc.o
 .text.__NVIC_GetPriorityGrouping
                0x080009b4       0x1c ./firmware/at32f403a_407_misc.o
 .text.__NVIC_EnableIRQ
                0x080009d0       0x3c ./firmware/at32f403a_407_misc.o
 .text.__NVIC_SetPriority
                0x08000a0c       0x54 ./firmware/at32f403a_407_misc.o
 .text.NVIC_EncodePriority
                0x08000a60       0x66 ./firmware/at32f403a_407_misc.o
 .text.nvic_irq_enable
                0x08000ac6       0x42 ./firmware/at32f403a_407_misc.o
                0x08000ac6                nvic_irq_enable
 .text.nvic_priority_group_config
                0x08000b08       0x1a ./firmware/at32f403a_407_misc.o
                0x08000b08                nvic_priority_group_config
 *fill*         0x08000b22        0x2 
 .text.systick_clock_source_config
                0x08000b24       0x3c ./firmware/at32f403a_407_misc.o
                0x08000b24                systick_clock_source_config
 .text.tmr_counter_enable
                0x08000b60       0x2a ./firmware/at32f403a_407_tmr.o
                0x08000b60                tmr_counter_enable
 .text.tmr_flag_get
                0x08000b8a       0x32 ./firmware/at32f403a_407_tmr.o
                0x08000b8a                tmr_flag_get
 .text.tmr_flag_clear
                0x08000bbc       0x1e ./firmware/at32f403a_407_tmr.o
                0x08000bbc                tmr_flag_clear
 *fill*         0x08000bda        0x2 
 .text.Reset_Handler
                0x08000bdc       0x48 ./cmsis/startup_at32f403a_407.o
                0x08000bdc                Reset_Handler
 .text.Default_Handler
                0x08000c24        0x2 ./cmsis/startup_at32f403a_407.o
                0x08000c24                SDIO1_IRQHandler
                0x08000c24                XMC_IRQHandler
                0x08000c24                EXINT2_IRQHandler
                0x08000c24                USBFS_L_CAN1_RX0_IRQHandler
                0x08000c24                UART8_IRQHandler
                0x08000c24                SPI4_IRQHandler
                0x08000c24                I2C2_EVT_IRQHandler
                0x08000c24                TMR8_TRG_HALL_TMR14_IRQHandler
                0x08000c24                USBFS_H_CAN1_TX_IRQHandler
                0x08000c24                I2C1_ERR_IRQHandler
                0x08000c24                EXINT9_5_IRQHandler
                0x08000c24                EMAC_IRQHandler
                0x08000c24                CAN2_RX1_IRQHandler
                0x08000c24                TMR5_GLOBAL_IRQHandler
                0x08000c24                SDIO2_IRQHandler
                0x08000c24                ADC1_2_IRQHandler
                0x08000c24                SPI1_IRQHandler
                0x08000c24                TAMPER_IRQHandler
                0x08000c24                CAN2_RX0_IRQHandler
                0x08000c24                DMA2_Channel2_IRQHandler
                0x08000c24                DMA1_Channel4_IRQHandler
                0x08000c24                TMR8_CH_IRQHandler
                0x08000c24                USART6_IRQHandler
                0x08000c24                EXINT0_IRQHandler
                0x08000c24                USART3_IRQHandler
                0x08000c24                RTC_IRQHandler
                0x08000c24                DMA1_Channel7_IRQHandler
                0x08000c24                CAN1_RX1_IRQHandler
                0x08000c24                UART5_IRQHandler
                0x08000c24                ADC3_IRQHandler
                0x08000c24                ACC_IRQHandler
                0x08000c24                EMAC_WKUP_IRQHandler
                0x08000c24                DMA2_Channel1_IRQHandler
                0x08000c24                EXINT3_IRQHandler
                0x08000c24                DMA1_Channel6_IRQHandler
                0x08000c24                UART4_IRQHandler
                0x08000c24                DMA1_Channel1_IRQHandler
                0x08000c24                Default_Handler
                0x08000c24                USBFS_MAPH_IRQHandler
                0x08000c24                TMR3_GLOBAL_IRQHandler
                0x08000c24                TMR7_GLOBAL_IRQHandler
                0x08000c24                CAN1_SE_IRQHandler
                0x08000c24                CAN2_TX_IRQHandler
                0x08000c24                I2C3_ERR_IRQHandler
                0x08000c24                SPI3_I2S3EXT_IRQHandler
                0x08000c24                TMR1_BRK_TMR9_IRQHandler
                0x08000c24                USBFS_MAPL_IRQHandler
                0x08000c24                TMR8_BRK_TMR12_IRQHandler
                0x08000c24                TMR1_TRG_HALL_TMR11_IRQHandler
                0x08000c24                DMA1_Channel5_IRQHandler
                0x08000c24                TMR4_GLOBAL_IRQHandler
                0x08000c24                EXINT4_IRQHandler
                0x08000c24                CAN2_SE_IRQHandler
                0x08000c24                DMA2_Channel6_7_IRQHandler
                0x08000c24                PVM_IRQHandler
                0x08000c24                I2C3_EVT_IRQHandler
                0x08000c24                DMA1_Channel3_IRQHandler
                0x08000c24                I2C1_EVT_IRQHandler
                0x08000c24                TMR8_OVF_TMR13_IRQHandler
                0x08000c24                TMR6_GLOBAL_IRQHandler
                0x08000c24                EXINT1_IRQHandler
                0x08000c24                RTCAlarm_IRQHandler
                0x08000c24                DMA2_Channel4_5_IRQHandler
                0x08000c24                UART7_IRQHandler
                0x08000c24                USART2_IRQHandler
                0x08000c24                DMA1_Channel2_IRQHandler
                0x08000c24                TMR2_GLOBAL_IRQHandler
                0x08000c24                FLASH_IRQHandler
                0x08000c24                SPI2_I2S2EXT_IRQHandler
                0x08000c24                I2C2_ERR_IRQHandler
                0x08000c24                USBFSWakeUp_IRQHandler
                0x08000c24                USART1_IRQHandler
                0x08000c24                TMR1_CH_IRQHandler
                0x08000c24                CRM_IRQHandler
                0x08000c24                EXINT15_10_IRQHandler
                0x08000c24                WWDT_IRQHandler
                0x08000c24                DMA2_Channel3_IRQHandler
 *fill*         0x08000c26        0x2 
 .text.SystemInit
                0x08000c28       0x88 ./cmsis/system_at32f403a_407.o
                0x08000c28                SystemInit
 .text.system_core_clock_update
                0x08000cb0      0x150 ./cmsis/system_at32f403a_407.o
                0x08000cb0                system_core_clock_update
 .text.lcd_send_cmd
                0x08000e00       0x56 ./bsp/lcd_library/lcd-i2c.o
                0x08000e00                lcd_send_cmd
 .text.lcd_send_data
                0x08000e56       0x56 ./bsp/lcd_library/lcd-i2c.o
                0x08000e56                lcd_send_data
 .text.lcd_put_cur
                0x08000eac       0x3e ./bsp/lcd_library/lcd-i2c.o
                0x08000eac                lcd_put_cur
 .text.LCD_Init
                0x08000eea       0x7a ./bsp/lcd_library/lcd-i2c.o
                0x08000eea                LCD_Init
 .text.lcd_send_string
                0x08000f64       0x2a ./bsp/lcd_library/lcd-i2c.o
                0x08000f64                lcd_send_string
 *fill*         0x08000f8e        0x2 
 .text.delay_init
                0x08000f90       0x40 ./bsp/SRC/at32f403a_407_board.o
                0x08000f90                delay_init
 .text.delay_us
                0x08000fd0       0x6c ./bsp/SRC/at32f403a_407_board.o
                0x08000fd0                delay_us
 .text.delay_ms
                0x0800103c       0x98 ./bsp/SRC/at32f403a_407_board.o
                0x0800103c                delay_ms
 .text.GPIO_TogglePin
                0x080010d4       0x26 ./bsp/SRC/bsp_GPIO.o
                0x080010d4                GPIO_TogglePin
 .text.GPIO_WritePin
                0x080010fa       0x34 ./bsp/SRC/bsp_GPIO.o
                0x080010fa                GPIO_WritePin
 *fill*         0x0800112e        0x2 
 .text.GPIO_Init
                0x08001130      0x1cc ./bsp/SRC/bsp_GPIO.o
                0x08001130                GPIO_Init
 .text.I2C_Init_general
                0x080012fc       0x54 ./bsp/SRC/bsp_I2C.o
                0x080012fc                I2C_Init_general
 .text.TIMER_Init_general
                0x08001350       0x6c ./bsp/SRC/bsp_TIMER.o
                0x08001350                TIMER_Init_general
 .text.TIM_Init
                0x080013bc       0xc4 ./bsp/SRC/bsp_TIMER.o
                0x080013bc                TIM_Init
 .text.USART_Init_general
                0x08001480       0x40 ./bsp/SRC/bsp_USART.o
                0x08001480                USART_Init_general
 .text.USART_Init
                0x080014c0      0x16c ./bsp/SRC/bsp_USART.o
                0x080014c0                USART_Init
 .text.LED_Init_general
                0x0800162c       0x54 ./bsp/SRC/bsp_led.o
                0x0800162c                LED_Init_general
 .text.LED_toggle
                0x08001680       0x24 ./bsp/SRC/bsp_led.o
                0x08001680                LED_toggle
 .text.i2c_delay
                0x080016a4        0xe ./bsp/SRC/soft_i2c.o
                0x080016a4                i2c_delay
 *fill*         0x080016b2        0x2 
 .text.i2c_start
                0x080016b4       0x38 ./bsp/SRC/soft_i2c.o
                0x080016b4                i2c_start
 .text.i2c_stop
                0x080016ec       0x38 ./bsp/SRC/soft_i2c.o
                0x080016ec                i2c_stop
 .text.i2c_wait_ack
                0x08001724       0x7c ./bsp/SRC/soft_i2c.o
                0x08001724                i2c_wait_ack
 .text.i2c_send_byte
                0x080017a0       0x70 ./bsp/SRC/soft_i2c.o
                0x080017a0                i2c_send_byte
 .text.i2c_master_transmit
                0x08001810       0x76 ./bsp/SRC/soft_i2c.o
                0x08001810                i2c_master_transmit
 *fill*         0x08001886        0x2 
 .text.__libc_init_array
                0x08001888       0x48 d:/at32ide/platform/tools/gcc-arm-none-eabi-10.3-2021.10/bin/../lib/gcc/arm-none-eabi/10.3.1/../../../../arm-none-eabi/lib/thumb/v7e-m+fp/hard\libg_nano.a(lib_a-init.o)
                0x08001888                __libc_init_array
 *(.glue_7)
 .glue_7        0x080018d0        0x0 linker stubs
 *(.glue_7t)
 .glue_7t       0x080018d0        0x0 linker stubs
 *(.eh_frame)
 .eh_frame      0x080018d0        0x0 d:/at32ide/platform/tools/gcc-arm-none-eabi-10.3-2021.10/bin/../lib/gcc/arm-none-eabi/10.3.1/thumb/v7e-m+fp/hard/crtbegin.o
 *(.init)
 .init          0x080018d0        0x4 d:/at32ide/platform/tools/gcc-arm-none-eabi-10.3-2021.10/bin/../lib/gcc/arm-none-eabi/10.3.1/thumb/v7e-m+fp/hard/crti.o
                0x080018d0                _init
 .init          0x080018d4        0x8 d:/at32ide/platform/tools/gcc-arm-none-eabi-10.3-2021.10/bin/../lib/gcc/arm-none-eabi/10.3.1/thumb/v7e-m+fp/hard/crtn.o
 *(.fini)
 .fini          0x080018dc        0x4 d:/at32ide/platform/tools/gcc-arm-none-eabi-10.3-2021.10/bin/../lib/gcc/arm-none-eabi/10.3.1/thumb/v7e-m+fp/hard/crti.o
                0x080018dc                _fini
 .fini          0x080018e0        0x8 d:/at32ide/platform/tools/gcc-arm-none-eabi-10.3-2021.10/bin/../lib/gcc/arm-none-eabi/10.3.1/thumb/v7e-m+fp/hard/crtn.o
                0x080018e8                . = ALIGN (0x4)
                0x080018e8                _etext = .

.vfp11_veneer   0x080018e8        0x0
 .vfp11_veneer  0x080018e8        0x0 linker stubs

.v4_bx          0x080018e8        0x0
 .v4_bx         0x080018e8        0x0 linker stubs

.iplt           0x080018e8        0x0
 .iplt          0x080018e8        0x0 d:/at32ide/platform/tools/gcc-arm-none-eabi-10.3-2021.10/bin/../lib/gcc/arm-none-eabi/10.3.1/thumb/v7e-m+fp/hard/crtbegin.o

.rodata         0x080018e8       0x50
                0x080018e8                . = ALIGN (0x4)
 *(.rodata)
 .rodata        0x080018e8       0x15 ./user/main.o
 *fill*         0x080018fd        0x3 
 .rodata        0x08001900       0x28 ./firmware/at32f403a_407_crm.o
 .rodata        0x08001928       0x10 ./cmsis/system_at32f403a_407.o
 *(.rodata*)
                0x08001938                . = ALIGN (0x4)

.rel.dyn        0x08001938        0x0
 .rel.iplt      0x08001938        0x0 d:/at32ide/platform/tools/gcc-arm-none-eabi-10.3-2021.10/bin/../lib/gcc/arm-none-eabi/10.3.1/thumb/v7e-m+fp/hard/crtbegin.o

.ARM.extab
 *(.ARM.extab* .gnu.linkonce.armextab.*)

.ARM            0x08001938        0x0
                0x08001938                __exidx_start = .
 *(.ARM.exidx*)
                0x08001938                __exidx_end = .

.preinit_array  0x08001938        0x0
                0x08001938                PROVIDE (__preinit_array_start = .)
 *(.preinit_array*)
                0x08001938                PROVIDE (__preinit_array_end = .)

.init_array     0x08001938        0x4
                0x08001938                PROVIDE (__init_array_start = .)
 *(SORT_BY_NAME(.init_array.*))
 *(.init_array*)
 .init_array    0x08001938        0x4 d:/at32ide/platform/tools/gcc-arm-none-eabi-10.3-2021.10/bin/../lib/gcc/arm-none-eabi/10.3.1/thumb/v7e-m+fp/hard/crtbegin.o
                0x0800193c                PROVIDE (__init_array_end = .)

.fini_array     0x0800193c        0x4
                [!provide]                PROVIDE (__fini_array_start = .)
 *(SORT_BY_NAME(.fini_array.*))
 *(.fini_array*)
 .fini_array    0x0800193c        0x4 d:/at32ide/platform/tools/gcc-arm-none-eabi-10.3-2021.10/bin/../lib/gcc/arm-none-eabi/10.3.1/thumb/v7e-m+fp/hard/crtbegin.o
                [!provide]                PROVIDE (__fini_array_end = .)
                0x08001940                _sidata = LOADADDR (.data)

.data           0x20000000       0xc4 load address 0x08001940
                0x20000000                . = ALIGN (0x4)
                0x20000000                _sdata = .
 *(.data)
 .data          0x20000000        0x4 ./cmsis/system_at32f403a_407.o
                0x20000000                system_core_clock
 .data          0x20000004       0xc0 ./bsp/SRC/bsp_CONFIGURATION_array.o
                0x20000004                led_gpio
                0x20000034                timer
                0x20000064                usart
                0x20000074                gpio_usart
                0x20000084                gpio_i2c
 *(.data*)
                0x200000c4                . = ALIGN (0x4)
                0x200000c4                _edata = .

.igot.plt       0x200000c4        0x0 load address 0x08001a04
 .igot.plt      0x200000c4        0x0 d:/at32ide/platform/tools/gcc-arm-none-eabi-10.3-2021.10/bin/../lib/gcc/arm-none-eabi/10.3.1/thumb/v7e-m+fp/hard/crtbegin.o
                0x200000c4                . = ALIGN (0x4)

.bss            0x200000c4       0x24 load address 0x08001a04
                0x200000c4                _sbss = .
                0x200000c4                __bss_start__ = _sbss
 *(.bss)
 .bss           0x200000c4       0x1c d:/at32ide/platform/tools/gcc-arm-none-eabi-10.3-2021.10/bin/../lib/gcc/arm-none-eabi/10.3.1/thumb/v7e-m+fp/hard/crtbegin.o
 .bss           0x200000e0        0x8 ./bsp/SRC/at32f403a_407_board.o
 *(.bss*)
 *(COMMON)
                0x200000e8                . = ALIGN (0x4)
                0x200000e8                _ebss = .
                0x200000e8                __bss_end__ = _ebss

._user_heap_stack
                0x200000e8      0x600 load address 0x08001a04
                0x200000e8                . = ALIGN (0x8)
                [!provide]                PROVIDE (end = .)
                0x200000e8                PROVIDE (_end = .)
                0x200002e8                . = (. + _Min_Heap_Size)
 *fill*         0x200000e8      0x200 
                0x200006e8                . = (. + _Min_Stack_Size)
 *fill*         0x200002e8      0x400 
                0x200006e8                . = ALIGN (0x8)

/DISCARD/
 libc.a(*)
 libm.a(*)
 libgcc.a(*)

.ARM.attributes
                0x00000000       0x30
 *(.ARM.attributes)
 .ARM.attributes
                0x00000000       0x1e d:/at32ide/platform/tools/gcc-arm-none-eabi-10.3-2021.10/bin/../lib/gcc/arm-none-eabi/10.3.1/thumb/v7e-m+fp/hard/crti.o
 .ARM.attributes
                0x0000001e       0x34 d:/at32ide/platform/tools/gcc-arm-none-eabi-10.3-2021.10/bin/../lib/gcc/arm-none-eabi/10.3.1/thumb/v7e-m+fp/hard/crtbegin.o
 .ARM.attributes
                0x00000052       0x34 ./user/at32f403a_407_clock.o
 .ARM.attributes
                0x00000086       0x34 ./user/at32f403a_407_int.o
 .ARM.attributes
                0x000000ba       0x34 ./user/main.o
 .ARM.attributes
                0x000000ee       0x34 ./firmware/at32f403a_407_crm.o
 .ARM.attributes
                0x00000122       0x34 ./firmware/at32f403a_407_gpio.o
 .ARM.attributes
                0x00000156       0x34 ./firmware/at32f403a_407_misc.o
 .ARM.attributes
                0x0000018a       0x34 ./firmware/at32f403a_407_tmr.o
 .ARM.attributes
                0x000001be       0x21 ./cmsis/startup_at32f403a_407.o
 .ARM.attributes
                0x000001df       0x34 ./cmsis/system_at32f403a_407.o
 .ARM.attributes
                0x00000213       0x34 ./bsp/lcd_library/lcd-i2c.o
 .ARM.attributes
                0x00000247       0x34 ./bsp/SRC/at32f403a_407_board.o
 .ARM.attributes
                0x0000027b       0x34 ./bsp/SRC/bsp_CONFIGURATION_array.o
 .ARM.attributes
                0x000002af       0x34 ./bsp/SRC/bsp_GPIO.o
 .ARM.attributes
                0x000002e3       0x34 ./bsp/SRC/bsp_I2C.o
 .ARM.attributes
                0x00000317       0x34 ./bsp/SRC/bsp_TIMER.o
 .ARM.attributes
                0x0000034b       0x34 ./bsp/SRC/bsp_USART.o
 .ARM.attributes
                0x0000037f       0x34 ./bsp/SRC/bsp_led.o
 .ARM.attributes
                0x000003b3       0x34 ./bsp/SRC/soft_i2c.o
 .ARM.attributes
                0x000003e7       0x34 d:/at32ide/platform/tools/gcc-arm-none-eabi-10.3-2021.10/bin/../lib/gcc/arm-none-eabi/10.3.1/../../../../arm-none-eabi/lib/thumb/v7e-m+fp/hard\libg_nano.a(lib_a-init.o)
 .ARM.attributes
                0x0000041b       0x1e d:/at32ide/platform/tools/gcc-arm-none-eabi-10.3-2021.10/bin/../lib/gcc/arm-none-eabi/10.3.1/thumb/v7e-m+fp/hard/crtn.o
OUTPUT(Vladislav_project (ds18b20+lcd1602).elf elf32-littlearm)
LOAD linker stubs
LOAD d:/at32ide/platform/tools/gcc-arm-none-eabi-10.3-2021.10/bin/../lib/gcc/arm-none-eabi/10.3.1/../../../../arm-none-eabi/lib/thumb/v7e-m+fp/hard\libc.a
LOAD d:/at32ide/platform/tools/gcc-arm-none-eabi-10.3-2021.10/bin/../lib/gcc/arm-none-eabi/10.3.1/../../../../arm-none-eabi/lib/thumb/v7e-m+fp/hard\libm.a
LOAD d:/at32ide/platform/tools/gcc-arm-none-eabi-10.3-2021.10/bin/../lib/gcc/arm-none-eabi/10.3.1/thumb/v7e-m+fp/hard\libgcc.a

.debug_info     0x00000000    0x15ff0
 .debug_info    0x00000000      0x3cc ./user/at32f403a_407_clock.o
 .debug_info    0x000003cc      0x10e ./user/at32f403a_407_int.o
 .debug_info    0x000004da     0x1f7e ./user/main.o
 .debug_info    0x00002458     0x2465 ./firmware/at32f403a_407_crm.o
 .debug_info    0x000048bd     0x1f2c ./firmware/at32f403a_407_gpio.o
 .debug_info    0x000067e9      0x9ea ./firmware/at32f403a_407_misc.o
 .debug_info    0x000071d3     0x2667 ./firmware/at32f403a_407_tmr.o
 .debug_info    0x0000983a       0x22 ./cmsis/startup_at32f403a_407.o
 .debug_info    0x0000985c     0x1647 ./cmsis/system_at32f403a_407.o
 .debug_info    0x0000aea3      0x1fa ./bsp/lcd_library/lcd-i2c.o
 .debug_info    0x0000b09d     0x1983 ./bsp/SRC/at32f403a_407_board.o
 .debug_info    0x0000ca20     0x2597 ./bsp/SRC/bsp_CONFIGURATION_array.o
 .debug_info    0x0000efb7     0x11af ./bsp/SRC/bsp_GPIO.o
 .debug_info    0x00010166     0x109f ./bsp/SRC/bsp_I2C.o
 .debug_info    0x00011205     0x148f ./bsp/SRC/bsp_TIMER.o
 .debug_info    0x00012694     0x17c3 ./bsp/SRC/bsp_USART.o
 .debug_info    0x00013e57      0xf07 ./bsp/SRC/bsp_led.o
 .debug_info    0x00014d5e     0x1292 ./bsp/SRC/soft_i2c.o

.debug_abbrev   0x00000000     0x1dcc
 .debug_abbrev  0x00000000       0x78 ./user/at32f403a_407_clock.o
 .debug_abbrev  0x00000078       0x44 ./user/at32f403a_407_int.o
 .debug_abbrev  0x000000bc      0x23e ./user/main.o
 .debug_abbrev  0x000002fa      0x229 ./firmware/at32f403a_407_crm.o
 .debug_abbrev  0x00000523      0x215 ./firmware/at32f403a_407_gpio.o
 .debug_abbrev  0x00000738      0x245 ./firmware/at32f403a_407_misc.o
 .debug_abbrev  0x0000097d      0x1e5 ./firmware/at32f403a_407_tmr.o
 .debug_abbrev  0x00000b62       0x12 ./cmsis/startup_at32f403a_407.o
 .debug_abbrev  0x00000b74      0x187 ./cmsis/system_at32f403a_407.o
 .debug_abbrev  0x00000cfb      0x109 ./bsp/lcd_library/lcd-i2c.o
 .debug_abbrev  0x00000e04      0x326 ./bsp/SRC/at32f403a_407_board.o
 .debug_abbrev  0x0000112a      0x1da ./bsp/SRC/bsp_CONFIGURATION_array.o
 .debug_abbrev  0x00001304      0x1c1 ./bsp/SRC/bsp_GPIO.o
 .debug_abbrev  0x000014c5      0x176 ./bsp/SRC/bsp_I2C.o
 .debug_abbrev  0x0000163b      0x1c7 ./bsp/SRC/bsp_TIMER.o
 .debug_abbrev  0x00001802      0x226 ./bsp/SRC/bsp_USART.o
 .debug_abbrev  0x00001a28      0x1ab ./bsp/SRC/bsp_led.o
 .debug_abbrev  0x00001bd3      0x1f9 ./bsp/SRC/soft_i2c.o

.debug_aranges  0x00000000      0x7a8
 .debug_aranges
                0x00000000       0x20 ./user/at32f403a_407_clock.o
 .debug_aranges
                0x00000020       0x60 ./user/at32f403a_407_int.o
 .debug_aranges
                0x00000080       0x38 ./user/main.o
 .debug_aranges
                0x000000b8      0x138 ./firmware/at32f403a_407_crm.o
 .debug_aranges
                0x000001f0       0xa8 ./firmware/at32f403a_407_gpio.o
 .debug_aranges
                0x00000298       0x88 ./firmware/at32f403a_407_misc.o
 .debug_aranges
                0x00000320      0x1d0 ./firmware/at32f403a_407_tmr.o
 .debug_aranges
                0x000004f0       0x28 ./cmsis/startup_at32f403a_407.o
 .debug_aranges
                0x00000518       0x28 ./cmsis/system_at32f403a_407.o
 .debug_aranges
                0x00000540       0x48 ./bsp/lcd_library/lcd-i2c.o
 .debug_aranges
                0x00000588       0x88 ./bsp/SRC/at32f403a_407_board.o
 .debug_aranges
                0x00000610       0x18 ./bsp/SRC/bsp_CONFIGURATION_array.o
 .debug_aranges
                0x00000628       0x50 ./bsp/SRC/bsp_GPIO.o
 .debug_aranges
                0x00000678       0x20 ./bsp/SRC/bsp_I2C.o
 .debug_aranges
                0x00000698       0x28 ./bsp/SRC/bsp_TIMER.o
 .debug_aranges
                0x000006c0       0x28 ./bsp/SRC/bsp_USART.o
 .debug_aranges
                0x000006e8       0x40 ./bsp/SRC/bsp_led.o
 .debug_aranges
                0x00000728       0x80 ./bsp/SRC/soft_i2c.o

.debug_ranges   0x00000000      0x688
 .debug_ranges  0x00000000       0x10 ./user/at32f403a_407_clock.o
 .debug_ranges  0x00000010       0x50 ./user/at32f403a_407_int.o
 .debug_ranges  0x00000060       0x28 ./user/main.o
 .debug_ranges  0x00000088      0x128 ./firmware/at32f403a_407_crm.o
 .debug_ranges  0x000001b0       0x98 ./firmware/at32f403a_407_gpio.o
 .debug_ranges  0x00000248       0x78 ./firmware/at32f403a_407_misc.o
 .debug_ranges  0x000002c0      0x1c0 ./firmware/at32f403a_407_tmr.o
 .debug_ranges  0x00000480       0x20 ./cmsis/startup_at32f403a_407.o
 .debug_ranges  0x000004a0       0x18 ./cmsis/system_at32f403a_407.o
 .debug_ranges  0x000004b8       0x38 ./bsp/lcd_library/lcd-i2c.o
 .debug_ranges  0x000004f0       0x78 ./bsp/SRC/at32f403a_407_board.o
 .debug_ranges  0x00000568       0x40 ./bsp/SRC/bsp_GPIO.o
 .debug_ranges  0x000005a8       0x10 ./bsp/SRC/bsp_I2C.o
 .debug_ranges  0x000005b8       0x18 ./bsp/SRC/bsp_TIMER.o
 .debug_ranges  0x000005d0       0x18 ./bsp/SRC/bsp_USART.o
 .debug_ranges  0x000005e8       0x30 ./bsp/SRC/bsp_led.o
 .debug_ranges  0x00000618       0x70 ./bsp/SRC/soft_i2c.o

.debug_line     0x00000000     0x431a
 .debug_line    0x00000000      0x1dd ./user/at32f403a_407_clock.o
 .debug_line    0x000001dd       0xfd ./user/at32f403a_407_int.o
 .debug_line    0x000002da      0x249 ./user/main.o
 .debug_line    0x00000523      0x81d ./firmware/at32f403a_407_crm.o
 .debug_line    0x00000d40      0x581 ./firmware/at32f403a_407_gpio.o
 .debug_line    0x000012c1      0x442 ./firmware/at32f403a_407_misc.o
 .debug_line    0x00001703      0xbc1 ./firmware/at32f403a_407_tmr.o
 .debug_line    0x000022c4       0x7c ./cmsis/startup_at32f403a_407.o
 .debug_line    0x00002340      0x33a ./cmsis/system_at32f403a_407.o
 .debug_line    0x0000267a      0x209 ./bsp/lcd_library/lcd-i2c.o
 .debug_line    0x00002883      0x544 ./bsp/SRC/at32f403a_407_board.o
 .debug_line    0x00002dc7      0x214 ./bsp/SRC/bsp_CONFIGURATION_array.o
 .debug_line    0x00002fdb      0x465 ./bsp/SRC/bsp_GPIO.o
 .debug_line    0x00003440      0x22c ./bsp/SRC/bsp_I2C.o
 .debug_line    0x0000366c      0x2bf ./bsp/SRC/bsp_TIMER.o
 .debug_line    0x0000392b      0x310 ./bsp/SRC/bsp_USART.o
 .debug_line    0x00003c3b      0x24e ./bsp/SRC/bsp_led.o
 .debug_line    0x00003e89      0x491 ./bsp/SRC/soft_i2c.o

.debug_str      0x00000000     0x5d5c
 .debug_str     0x00000000      0x7db ./user/at32f403a_407_clock.o
                                0x81e (size before relaxing)
 .debug_str     0x000007db       0xac ./user/at32f403a_407_int.o
                                0x213 (size before relaxing)
 .debug_str     0x00000887      0xbf1 ./user/main.o
                                0xd7e (size before relaxing)
 .debug_str     0x00001478     0x1a01 ./firmware/at32f403a_407_crm.o
                               0x227c (size before relaxing)
 .debug_str     0x00002e79      0x8bc ./firmware/at32f403a_407_gpio.o
                               0x13d5 (size before relaxing)
 .debug_str     0x00003735      0x93f ./firmware/at32f403a_407_misc.o
                                0xb13 (size before relaxing)
 .debug_str     0x00004074     0x1494 ./firmware/at32f403a_407_tmr.o
                               0x2019 (size before relaxing)
 .debug_str     0x00005508       0x6e ./cmsis/startup_at32f403a_407.o
 .debug_str     0x00005576       0x68 ./cmsis/system_at32f403a_407.o
                                0xb61 (size before relaxing)
 .debug_str     0x000055de       0x90 ./bsp/lcd_library/lcd-i2c.o
                                0x200 (size before relaxing)
 .debug_str     0x0000566e      0x2c0 ./bsp/SRC/at32f403a_407_board.o
                               0x10d8 (size before relaxing)
 .debug_str     0x0000592e      0x159 ./bsp/SRC/bsp_CONFIGURATION_array.o
                               0x1052 (size before relaxing)
 .debug_str     0x00005a87       0x7b ./bsp/SRC/bsp_GPIO.o
                                0xc51 (size before relaxing)
 .debug_str     0x00005b02       0x38 ./bsp/SRC/bsp_I2C.o
                                0xc08 (size before relaxing)
 .debug_str     0x00005b3a       0x5b ./bsp/SRC/bsp_TIMER.o
                               0x10de (size before relaxing)
 .debug_str     0x00005b95       0x7c ./bsp/SRC/bsp_USART.o
                                0xf29 (size before relaxing)
 .debug_str     0x00005c11       0x68 ./bsp/SRC/bsp_led.o
                                0x732 (size before relaxing)
 .debug_str     0x00005c79       0xe3 ./bsp/SRC/soft_i2c.o
                                0xc76 (size before relaxing)

.comment        0x00000000       0x49
 .comment       0x00000000       0x49 ./user/at32f403a_407_clock.o
                                 0x4a (size before relaxing)
 .comment       0x00000049       0x4a ./user/at32f403a_407_int.o
 .comment       0x00000049       0x4a ./user/main.o
 .comment       0x00000049       0x4a ./firmware/at32f403a_407_crm.o
 .comment       0x00000049       0x4a ./firmware/at32f403a_407_gpio.o
 .comment       0x00000049       0x4a ./firmware/at32f403a_407_misc.o
 .comment       0x00000049       0x4a ./firmware/at32f403a_407_tmr.o
 .comment       0x00000049       0x4a ./cmsis/system_at32f403a_407.o
 .comment       0x00000049       0x4a ./bsp/lcd_library/lcd-i2c.o
 .comment       0x00000049       0x4a ./bsp/SRC/at32f403a_407_board.o
 .comment       0x00000049       0x4a ./bsp/SRC/bsp_CONFIGURATION_array.o
 .comment       0x00000049       0x4a ./bsp/SRC/bsp_GPIO.o
 .comment       0x00000049       0x4a ./bsp/SRC/bsp_I2C.o
 .comment       0x00000049       0x4a ./bsp/SRC/bsp_TIMER.o
 .comment       0x00000049       0x4a ./bsp/SRC/bsp_USART.o
 .comment       0x00000049       0x4a ./bsp/SRC/bsp_led.o
 .comment       0x00000049       0x4a ./bsp/SRC/soft_i2c.o

.debug_frame    0x00000000     0x1ccc
 .debug_frame   0x00000000       0x2c ./user/at32f403a_407_clock.o
 .debug_frame   0x0000002c      0x110 ./user/at32f403a_407_int.o
 .debug_frame   0x0000013c       0x98 ./user/main.o
 .debug_frame   0x000001d4      0x590 ./firmware/at32f403a_407_crm.o
 .debug_frame   0x00000764      0x2d0 ./firmware/at32f403a_407_gpio.o
 .debug_frame   0x00000a34      0x210 ./firmware/at32f403a_407_misc.o
 .debug_frame   0x00000c44      0x89c ./firmware/at32f403a_407_tmr.o
 .debug_frame   0x000014e0       0x54 ./cmsis/system_at32f403a_407.o
 .debug_frame   0x00001534       0xe0 ./bsp/lcd_library/lcd-i2c.o
 .debug_frame   0x00001614      0x1fc ./bsp/SRC/at32f403a_407_board.o
 .debug_frame   0x00001810      0x124 ./bsp/SRC/bsp_GPIO.o
 .debug_frame   0x00001934       0x34 ./bsp/SRC/bsp_I2C.o
 .debug_frame   0x00001968       0x58 ./bsp/SRC/bsp_TIMER.o
 .debug_frame   0x000019c0       0x58 ./bsp/SRC/bsp_USART.o
 .debug_frame   0x00001a18       0xc4 ./bsp/SRC/bsp_led.o
 .debug_frame   0x00001adc      0x1c4 ./bsp/SRC/soft_i2c.o
 .debug_frame   0x00001ca0       0x2c d:/at32ide/platform/tools/gcc-arm-none-eabi-10.3-2021.10/bin/../lib/gcc/arm-none-eabi/10.3.1/../../../../arm-none-eabi/lib/thumb/v7e-m+fp/hard\libg_nano.a(lib_a-init.o)
