Archive member included to satisfy reference by file (symbol)

d:/at32ide/platform/tools/gcc-arm-none-eabi-10.3-2021.10/bin/../lib/gcc/arm-none-eabi/10.3.1/../../../../arm-none-eabi/lib/thumb/v7e-m+fp/hard\libg_nano.a(lib_a-errno.o)
                              ./bsp/bsp_system/syscalls.o (__errno)
d:/at32ide/platform/tools/gcc-arm-none-eabi-10.3-2021.10/bin/../lib/gcc/arm-none-eabi/10.3.1/../../../../arm-none-eabi/lib/thumb/v7e-m+fp/hard\libg_nano.a(lib_a-exit.o)
                              d:/at32ide/platform/tools/gcc-arm-none-eabi-10.3-2021.10/bin/../lib/gcc/arm-none-eabi/10.3.1/../../../../arm-none-eabi/lib/thumb/v7e-m+fp/hard/crt0.o (exit)
d:/at32ide/platform/tools/gcc-arm-none-eabi-10.3-2021.10/bin/../lib/gcc/arm-none-eabi/10.3.1/../../../../arm-none-eabi/lib/thumb/v7e-m+fp/hard\libg_nano.a(lib_a-impure.o)
                              d:/at32ide/platform/tools/gcc-arm-none-eabi-10.3-2021.10/bin/../lib/gcc/arm-none-eabi/10.3.1/../../../../arm-none-eabi/lib/thumb/v7e-m+fp/hard\libg_nano.a(lib_a-exit.o) (_global_impure_ptr)
d:/at32ide/platform/tools/gcc-arm-none-eabi-10.3-2021.10/bin/../lib/gcc/arm-none-eabi/10.3.1/../../../../arm-none-eabi/lib/thumb/v7e-m+fp/hard\libg_nano.a(lib_a-init.o)
                              d:/at32ide/platform/tools/gcc-arm-none-eabi-10.3-2021.10/bin/../lib/gcc/arm-none-eabi/10.3.1/../../../../arm-none-eabi/lib/thumb/v7e-m+fp/hard/crt0.o (__libc_init_array)
d:/at32ide/platform/tools/gcc-arm-none-eabi-10.3-2021.10/bin/../lib/gcc/arm-none-eabi/10.3.1/../../../../arm-none-eabi/lib/thumb/v7e-m+fp/hard\libg_nano.a(lib_a-memset.o)
                              d:/at32ide/platform/tools/gcc-arm-none-eabi-10.3-2021.10/bin/../lib/gcc/arm-none-eabi/10.3.1/../../../../arm-none-eabi/lib/thumb/v7e-m+fp/hard/crt0.o (memset)
d:/at32ide/platform/tools/gcc-arm-none-eabi-10.3-2021.10/bin/../lib/gcc/arm-none-eabi/10.3.1/../../../../arm-none-eabi/lib/thumb/v7e-m+fp/hard\libg_nano.a(lib_a-sprintf.o)
                              ./user/main.o (sprintf)
d:/at32ide/platform/tools/gcc-arm-none-eabi-10.3-2021.10/bin/../lib/gcc/arm-none-eabi/10.3.1/../../../../arm-none-eabi/lib/thumb/v7e-m+fp/hard\libg_nano.a(lib_a-nano-svfprintf.o)
                              d:/at32ide/platform/tools/gcc-arm-none-eabi-10.3-2021.10/bin/../lib/gcc/arm-none-eabi/10.3.1/../../../../arm-none-eabi/lib/thumb/v7e-m+fp/hard\libg_nano.a(lib_a-sprintf.o) (_svfprintf_r)
d:/at32ide/platform/tools/gcc-arm-none-eabi-10.3-2021.10/bin/../lib/gcc/arm-none-eabi/10.3.1/../../../../arm-none-eabi/lib/thumb/v7e-m+fp/hard\libg_nano.a(lib_a-nano-vfprintf_i.o)
                              d:/at32ide/platform/tools/gcc-arm-none-eabi-10.3-2021.10/bin/../lib/gcc/arm-none-eabi/10.3.1/../../../../arm-none-eabi/lib/thumb/v7e-m+fp/hard\libg_nano.a(lib_a-nano-svfprintf.o) (_printf_i)
d:/at32ide/platform/tools/gcc-arm-none-eabi-10.3-2021.10/bin/../lib/gcc/arm-none-eabi/10.3.1/../../../../arm-none-eabi/lib/thumb/v7e-m+fp/hard\libg_nano.a(lib_a-memchr.o)
                              d:/at32ide/platform/tools/gcc-arm-none-eabi-10.3-2021.10/bin/../lib/gcc/arm-none-eabi/10.3.1/../../../../arm-none-eabi/lib/thumb/v7e-m+fp/hard\libg_nano.a(lib_a-nano-svfprintf.o) (memchr)
d:/at32ide/platform/tools/gcc-arm-none-eabi-10.3-2021.10/bin/../lib/gcc/arm-none-eabi/10.3.1/../../../../arm-none-eabi/lib/thumb/v7e-m+fp/hard\libg_nano.a(lib_a-memcpy-stub.o)
                              d:/at32ide/platform/tools/gcc-arm-none-eabi-10.3-2021.10/bin/../lib/gcc/arm-none-eabi/10.3.1/../../../../arm-none-eabi/lib/thumb/v7e-m+fp/hard\libg_nano.a(lib_a-nano-svfprintf.o) (memcpy)
d:/at32ide/platform/tools/gcc-arm-none-eabi-10.3-2021.10/bin/../lib/gcc/arm-none-eabi/10.3.1/../../../../arm-none-eabi/lib/thumb/v7e-m+fp/hard\libg_nano.a(lib_a-memmove.o)
                              d:/at32ide/platform/tools/gcc-arm-none-eabi-10.3-2021.10/bin/../lib/gcc/arm-none-eabi/10.3.1/../../../../arm-none-eabi/lib/thumb/v7e-m+fp/hard\libg_nano.a(lib_a-nano-svfprintf.o) (memmove)
d:/at32ide/platform/tools/gcc-arm-none-eabi-10.3-2021.10/bin/../lib/gcc/arm-none-eabi/10.3.1/../../../../arm-none-eabi/lib/thumb/v7e-m+fp/hard\libg_nano.a(lib_a-nano-freer.o)
                              d:/at32ide/platform/tools/gcc-arm-none-eabi-10.3-2021.10/bin/../lib/gcc/arm-none-eabi/10.3.1/../../../../arm-none-eabi/lib/thumb/v7e-m+fp/hard\libg_nano.a(lib_a-nano-svfprintf.o) (_free_r)
d:/at32ide/platform/tools/gcc-arm-none-eabi-10.3-2021.10/bin/../lib/gcc/arm-none-eabi/10.3.1/../../../../arm-none-eabi/lib/thumb/v7e-m+fp/hard\libg_nano.a(lib_a-nano-mallocr.o)
                              d:/at32ide/platform/tools/gcc-arm-none-eabi-10.3-2021.10/bin/../lib/gcc/arm-none-eabi/10.3.1/../../../../arm-none-eabi/lib/thumb/v7e-m+fp/hard\libg_nano.a(lib_a-nano-svfprintf.o) (_malloc_r)
d:/at32ide/platform/tools/gcc-arm-none-eabi-10.3-2021.10/bin/../lib/gcc/arm-none-eabi/10.3.1/../../../../arm-none-eabi/lib/thumb/v7e-m+fp/hard\libg_nano.a(lib_a-nano-reallocr.o)
[...]
Memory Configuration

Name             Origin             Length             Attributes
FLASH            0x08000000         0x000fa000         xr
RAM              0x20000000         0x00018000         xrw
*default*        0x00000000         0xffffffff

Linker script and memory map

LOAD d:/at32ide/platform/tools/gcc-arm-none-eabi-10.3-2021.10/bin/../lib/gcc/arm-none-eabi/10.3.1/thumb/v7e-m+fp/hard/crti.o
LOAD d:/at32ide/platform/tools/gcc-arm-none-eabi-10.3-2021.10/bin/../lib/gcc/arm-none-eabi/10.3.1/thumb/v7e-m+fp/hard/crtbegin.o
LOAD d:/at32ide/platform/tools/gcc-arm-none-eabi-10.3-2021.10/bin/../lib/gcc/arm-none-eabi/10.3.1/../../../../arm-none-eabi/lib/thumb/v7e-m+fp/hard/crt0.o
LOAD ./user/at32f403a_407_clock.o
LOAD ./user/at32f403a_407_int.o
LOAD ./user/main.o
LOAD ./firmware/at32f403a_407_acc.o
LOAD ./firmware/at32f403a_407_adc.o
LOAD ./firmware/at32f403a_407_bpr.o
LOAD ./firmware/at32f403a_407_can.o
LOAD ./firmware/at32f403a_407_crc.o
LOAD ./firmware/at32f403a_407_crm.o
LOAD ./firmware/at32f403a_407_dac.o
LOAD ./firmware/at32f403a_407_debug.o
LOAD ./firmware/at32f403a_407_dma.o
LOAD ./firmware/at32f403a_407_emac.o
LOAD ./firmware/at32f403a_407_exint.o
LOAD ./firmware/at32f403a_407_flash.o
LOAD ./firmware/at32f403a_407_gpio.o
LOAD ./firmware/at32f403a_407_i2c.o
LOAD ./firmware/at32f403a_407_misc.o
LOAD ./firmware/at32f403a_407_pwc.o
LOAD ./firmware/at32f403a_407_rtc.o
LOAD ./firmware/at32f403a_407_sdio.o
LOAD ./firmware/at32f403a_407_spi.o
LOAD ./firmware/at32f403a_407_tmr.o
LOAD ./firmware/at32f403a_407_usart.o
LOAD ./firmware/at32f403a_407_usb.o
LOAD ./firmware/at32f403a_407_wdt.o
LOAD ./firmware/at32f403a_407_wwdt.o
LOAD ./firmware/at32f403a_407_xmc.o
LOAD ./cmsis/startup_at32f403a_407.o
LOAD ./cmsis/system_at32f403a_407.o
LOAD ./bsp/lcd_library/lcd-i2c.o
LOAD ./bsp/bsp_system/syscalls.o
LOAD ./bsp/bsp_system/sysmem.o
LOAD ./bsp/SRC/at32f403a_407_board.o
LOAD ./bsp/SRC/bsp_CONFIGURATION_array.o
LOAD ./bsp/SRC/bsp_GPIO.o
LOAD ./bsp/SRC/bsp_I2C.o
LOAD ./bsp/SRC/bsp_TIMER.o
LOAD ./bsp/SRC/bsp_USART.o
LOAD ./bsp/SRC/bsp_delay.o
LOAD ./bsp/SRC/bsp_led.o
LOAD ./bsp/SRC/soft_i2c.o
START GROUP
LOAD d:/at32ide/platform/tools/gcc-arm-none-eabi-10.3-2021.10/bin/../lib/gcc/arm-none-eabi/10.3.1/thumb/v7e-m+fp/hard\libgcc.a
LOAD d:/at32ide/platform/tools/gcc-arm-none-eabi-10.3-2021.10/bin/../lib/gcc/arm-none-eabi/10.3.1/../../../../arm-none-eabi/lib/thumb/v7e-m+fp/hard\libg_nano.a
LOAD d:/at32ide/platform/tools/gcc-arm-none-eabi-10.3-2021.10/bin/../lib/gcc/arm-none-eabi/10.3.1/../../../../arm-none-eabi/lib/thumb/v7e-m+fp/hard\libc_nano.a
END GROUP
START GROUP
LOAD d:/at32ide/platform/tools/gcc-arm-none-eabi-10.3-2021.10/bin/../lib/gcc/arm-none-eabi/10.3.1/thumb/v7e-m+fp/hard\libgcc.a
LOAD d:/at32ide/platform/tools/gcc-arm-none-eabi-10.3-2021.10/bin/../lib/gcc/arm-none-eabi/10.3.1/../../../../arm-none-eabi/lib/thumb/v7e-m+fp/hard\libc_nano.a
LOAD d:/at32ide/platform/tools/gcc-arm-none-eabi-10.3-2021.10/bin/../lib/gcc/arm-none-eabi/10.3.1/../../../../arm-none-eabi/lib/thumb/v7e-m+fp/hard\libnosys.a
END GROUP
START GROUP
LOAD d:/at32ide/platform/tools/gcc-arm-none-eabi-10.3-2021.10/bin/../lib/gcc/arm-none-eabi/10.3.1/thumb/v7e-m+fp/hard\libgcc.a
LOAD d:/at32ide/platform/tools/gcc-arm-none-eabi-10.3-2021.10/bin/../lib/gcc/arm-none-eabi/10.3.1/../../../../arm-none-eabi/lib/thumb/v7e-m+fp/hard\libc_nano.a
LOAD d:/at32ide/platform/tools/gcc-arm-none-eabi-10.3-2021.10/bin/../lib/gcc/arm-none-eabi/10.3.1/../../../../arm-none-eabi/lib/thumb/v7e-m+fp/hard\libnosys.a
END GROUP
LOAD d:/at32ide/platform/tools/gcc-arm-none-eabi-10.3-2021.10/bin/../lib/gcc/arm-none-eabi/10.3.1/thumb/v7e-m+fp/hard/crtend.o
LOAD d:/at32ide/platform/tools/gcc-arm-none-eabi-10.3-2021.10/bin/../lib/gcc/arm-none-eabi/10.3.1/thumb/v7e-m+fp/hard/crtn.o
                0x20018000                _estack = 0x20018000
                0x00000200                _Min_Heap_Size = 0x200
                0x00000400                _Min_Stack_Size = 0x400

.isr_vector     0x08000000      0x184
                0x08000000                . = ALIGN (0x4)
 *(.isr_vector)
 .isr_vector    0x08000000      0x184 ./cmsis/startup_at32f403a_407.o
                0x08000000                g_pfnVectors
                0x08000184                . = ALIGN (0x4)

.text           0x08000190     0x2174
                0x08000190                . = ALIGN (0x4)
 *(.text)
 .text          0x08000190       0x40 d:/at32ide/platform/tools/gcc-arm-none-eabi-10.3-2021.10/bin/../lib/gcc/arm-none-eabi/10.3.1/thumb/v7e-m+fp/hard/crtbegin.o
 .text          0x080001d0       0xa0 d:/at32ide/platform/tools/gcc-arm-none-eabi-10.3-2021.10/bin/../lib/gcc/arm-none-eabi/10.3.1/../../../../arm-none-eabi/lib/thumb/v7e-m+fp/hard\libg_nano.a(lib_a-memchr.o)
                0x080001d0                memchr
 *(.text*)
 .text.system_clock_config
                0x08000270       0x7a ./user/at32f403a_407_clock.o
                0x08000270                system_clock_config
 .text.NMI_Handler
                0x080002ea        0xe ./user/at32f403a_407_int.o
                0x080002ea                NMI_Handler
 .text.HardFault_Handler
                0x080002f8        0x6 ./user/at32f403a_407_int.o
                0x080002f8                HardFault_Handler
 .text.MemManage_Handler
                0x080002fe        0x6 ./user/at32f403a_407_int.o
                0x080002fe                MemManage_Handler
 .text.BusFault_Handler
                0x08000304        0x6 ./user/at32f403a_407_int.o
                0x08000304                BusFault_Handler
 .text.UsageFault_Handler
                0x0800030a        0x6 ./user/at32f403a_407_int.o
                0x0800030a                UsageFault_Handler
 .text.SVC_Handler
                0x08000310        0xe ./user/at32f403a_407_int.o
                0x08000310                SVC_Handler
 .text.DebugMon_Handler
                0x0800031e        0xe ./user/at32f403a_407_int.o
                0x0800031e                DebugMon_Handler
 .text.PendSV_Handler
                0x0800032c        0xe ./user/at32f403a_407_int.o
                0x0800032c                PendSV_Handler
 .text.SysTick_Handler
                0x0800033a        0xe ./user/at32f403a_407_int.o
                0x0800033a                SysTick_Handler
 .text.TMR1_OVF_TMR10_IRQHandler
                0x08000348       0x34 ./user/main.o
                0x08000348                TMR1_OVF_TMR10_IRQHandler
 .text.main     0x0800037c       0x68 ./user/main.o
                0x0800037c                main
 .text.system_printf
                0x080003e4       0x18 ./user/main.o
                0x080003e4                system_printf
 .text.crm_reset
                0x080003fc       0x6c ./firmware/at32f403a_407_crm.o
                0x080003fc                crm_reset
 .text.crm_flag_get
                0x08000468       0x50 ./firmware/at32f403a_407_crm.o
                0x08000468                crm_flag_get
 .text.crm_hext_stable_wait
                0x080004b8       0x4a ./firmware/at32f403a_407_crm.o
                0x080004b8                crm_hext_stable_wait
 .text.crm_periph_clock_enable
                0x08000502       0x7c ./firmware/at32f403a_407_crm.o
                0x08000502                crm_periph_clock_enable
 *fill*         0x0800057e        0x2 
 .text.crm_clock_source_enable
                0x08000580       0xa8 ./firmware/at32f403a_407_crm.o
                0x08000580                crm_clock_source_enable
 .text.crm_ahb_div_set
                0x08000628       0x2c ./firmware/at32f403a_407_crm.o
                0x08000628                crm_ahb_div_set
 .text.crm_apb1_div_set
                0x08000654       0x2c ./firmware/at32f403a_407_crm.o
                0x08000654                crm_apb1_div_set
 .text.crm_apb2_div_set
                0x08000680       0x2c ./firmware/at32f403a_407_crm.o
                0x08000680                crm_apb2_div_set
 .text.crm_pll_config
                0x080006ac       0x94 ./firmware/at32f403a_407_crm.o
                0x080006ac                crm_pll_config
 .text.crm_sysclk_switch
                0x08000740       0x2c ./firmware/at32f403a_407_crm.o
                0x08000740                crm_sysclk_switch
 .text.crm_sysclk_switch_status_get
                0x0800076c       0x1c ./firmware/at32f403a_407_crm.o
                0x0800076c                crm_sysclk_switch_status_get
 .text.crm_clocks_freq_get
                0x08000788      0x1d4 ./firmware/at32f403a_407_crm.o
                0x08000788                crm_clocks_freq_get
 .text.crm_auto_step_mode_enable
                0x0800095c       0x38 ./firmware/at32f403a_407_crm.o
                0x0800095c                crm_auto_step_mode_enable
 .text.crm_hext_clock_div_set
                0x08000994       0x2c ./firmware/at32f403a_407_crm.o
                0x08000994                crm_hext_clock_div_set
 .text.gpio_input_data_bit_read
                0x080009c0       0x36 ./firmware/at32f403a_407_gpio.o
                0x080009c0                gpio_input_data_bit_read
 .text.gpio_bits_set
                0x080009f6       0x1e ./firmware/at32f403a_407_gpio.o
                0x080009f6                gpio_bits_set
 .text.gpio_bits_reset
                0x08000a14       0x1e ./firmware/at32f403a_407_gpio.o
                0x08000a14                gpio_bits_reset
 *fill*         0x08000a32        0x2 
 .text.__NVIC_SetPriorityGrouping
                0x08000a34       0x48 ./firmware/at32f403a_407_misc.o
 .text.__NVIC_GetPriorityGrouping
                0x08000a7c       0x1c ./firmware/at32f403a_407_misc.o
 .text.__NVIC_EnableIRQ
                0x08000a98       0x3c ./firmware/at32f403a_407_misc.o
 .text.__NVIC_SetPriority
                0x08000ad4       0x54 ./firmware/at32f403a_407_misc.o
 .text.NVIC_EncodePriority
                0x08000b28       0x66 ./firmware/at32f403a_407_misc.o
 .text.nvic_irq_enable
                0x08000b8e       0x42 ./firmware/at32f403a_407_misc.o
                0x08000b8e                nvic_irq_enable
 .text.nvic_priority_group_config
                0x08000bd0       0x1a ./firmware/at32f403a_407_misc.o
                0x08000bd0                nvic_priority_group_config
 *fill*         0x08000bea        0x2 
 .text.systick_clock_source_config
                0x08000bec       0x3c ./firmware/at32f403a_407_misc.o
                0x08000bec                systick_clock_source_config
 .text.tmr_counter_enable
                0x08000c28       0x2a ./firmware/at32f403a_407_tmr.o
                0x08000c28                tmr_counter_enable
 .text.tmr_flag_get
                0x08000c52       0x32 ./firmware/at32f403a_407_tmr.o
                0x08000c52                tmr_flag_get
 .text.tmr_flag_clear
                0x08000c84       0x1e ./firmware/at32f403a_407_tmr.o
                0x08000c84                tmr_flag_clear
 *fill*         0x08000ca2        0x2 
 .text.Reset_Handler
                0x08000ca4       0x48 ./cmsis/startup_at32f403a_407.o
                0x08000ca4                Reset_Handler
 .text.Default_Handler
                0x08000cec        0x2 ./cmsis/startup_at32f403a_407.o
                0x08000cec                SDIO1_IRQHandler
                0x08000cec                XMC_IRQHandler
                0x08000cec                EXINT2_IRQHandler
                0x08000cec                USBFS_L_CAN1_RX0_IRQHandler
                0x08000cec                UART8_IRQHandler
                0x08000cec                SPI4_IRQHandler
                0x08000cec                I2C2_EVT_IRQHandler
                0x08000cec                TMR8_TRG_HALL_TMR14_IRQHandler
                0x08000cec                USBFS_H_CAN1_TX_IRQHandler
                0x08000cec                I2C1_ERR_IRQHandler
                0x08000cec                EXINT9_5_IRQHandler
                0x08000cec                EMAC_IRQHandler
                0x08000cec                CAN2_RX1_IRQHandler
                0x08000cec                TMR5_GLOBAL_IRQHandler
                0x08000cec                SDIO2_IRQHandler
                0x08000cec                ADC1_2_IRQHandler
                0x08000cec                SPI1_IRQHandler
                0x08000cec                TAMPER_IRQHandler
                0x08000cec                CAN2_RX0_IRQHandler
                0x08000cec                DMA2_Channel2_IRQHandler
                0x08000cec                DMA1_Channel4_IRQHandler
                0x08000cec                TMR8_CH_IRQHandler
                0x08000cec                USART6_IRQHandler
                0x08000cec                EXINT0_IRQHandler
                0x08000cec                USART3_IRQHandler
                0x08000cec                RTC_IRQHandler
                0x08000cec                DMA1_Channel7_IRQHandler
                0x08000cec                CAN1_RX1_IRQHandler
                0x08000cec                UART5_IRQHandler
                0x08000cec                ADC3_IRQHandler
                0x08000cec                ACC_IRQHandler
                0x08000cec                EMAC_WKUP_IRQHandler
                0x08000cec                DMA2_Channel1_IRQHandler
                0x08000cec                EXINT3_IRQHandler
                0x08000cec                DMA1_Channel6_IRQHandler
                0x08000cec                UART4_IRQHandler
                0x08000cec                DMA1_Channel1_IRQHandler
                0x08000cec                Default_Handler
                0x08000cec                USBFS_MAPH_IRQHandler
                0x08000cec                TMR3_GLOBAL_IRQHandler
                0x08000cec                TMR7_GLOBAL_IRQHandler
                0x08000cec                CAN1_SE_IRQHandler
                0x08000cec                CAN2_TX_IRQHandler
                0x08000cec                I2C3_ERR_IRQHandler
                0x08000cec                SPI3_I2S3EXT_IRQHandler
                0x08000cec                TMR1_BRK_TMR9_IRQHandler
                0x08000cec                USBFS_MAPL_IRQHandler
                0x08000cec                TMR8_BRK_TMR12_IRQHandler
                0x08000cec                TMR1_TRG_HALL_TMR11_IRQHandler
                0x08000cec                DMA1_Channel5_IRQHandler
                0x08000cec                TMR4_GLOBAL_IRQHandler
                0x08000cec                EXINT4_IRQHandler
                0x08000cec                CAN2_SE_IRQHandler
                0x08000cec                DMA2_Channel6_7_IRQHandler
                0x08000cec                PVM_IRQHandler
                0x08000cec                I2C3_EVT_IRQHandler
                0x08000cec                DMA1_Channel3_IRQHandler
                0x08000cec                I2C1_EVT_IRQHandler
                0x08000cec                TMR8_OVF_TMR13_IRQHandler
                0x08000cec                TMR6_GLOBAL_IRQHandler
                0x08000cec                EXINT1_IRQHandler
                0x08000cec                RTCAlarm_IRQHandler
                0x08000cec                DMA2_Channel4_5_IRQHandler
                0x08000cec                UART7_IRQHandler
                0x08000cec                USART2_IRQHandler
                0x08000cec                DMA1_Channel2_IRQHandler
                0x08000cec                TMR2_GLOBAL_IRQHandler
                0x08000cec                FLASH_IRQHandler
                0x08000cec                SPI2_I2S2EXT_IRQHandler
                0x08000cec                I2C2_ERR_IRQHandler
                0x08000cec                USBFSWakeUp_IRQHandler
                0x08000cec                USART1_IRQHandler
                0x08000cec                TMR1_CH_IRQHandler
                0x08000cec                CRM_IRQHandler
                0x08000cec                EXINT15_10_IRQHandler
                0x08000cec                WWDT_IRQHandler
                0x08000cec                DMA2_Channel3_IRQHandler
 *fill*         0x08000cee        0x2 
 .text.SystemInit
                0x08000cf0       0x88 ./cmsis/system_at32f403a_407.o
                0x08000cf0                SystemInit
 .text.system_core_clock_update
                0x08000d78      0x150 ./cmsis/system_at32f403a_407.o
                0x08000d78                system_core_clock_update
 .text.lcd_send_cmd
                0x08000ec8       0x56 ./bsp/lcd_library/lcd-i2c.o
                0x08000ec8                lcd_send_cmd
 .text.lcd_send_data
                0x08000f1e       0x56 ./bsp/lcd_library/lcd-i2c.o
                0x08000f1e                lcd_send_data
 .text.lcd_put_cur
                0x08000f74       0x3e ./bsp/lcd_library/lcd-i2c.o
                0x08000f74                lcd_put_cur
 .text.LCD_Init
                0x08000fb2       0x7a ./bsp/lcd_library/lcd-i2c.o
                0x08000fb2                LCD_Init
 .text.lcd_send_string
                0x0800102c       0x2a ./bsp/lcd_library/lcd-i2c.o
                0x0800102c                lcd_send_string
 *fill*         0x08001056        0x2 
 .text._sbrk    0x08001058       0x6c ./bsp/bsp_system/sysmem.o
                0x08001058                _sbrk
 .text.delay_init
                0x080010c4       0x40 ./bsp/SRC/at32f403a_407_board.o
                0x080010c4                delay_init
 .text.delay_us
                0x08001104       0x6c ./bsp/SRC/at32f403a_407_board.o
                0x08001104                delay_us
 .text.delay_ms
                0x08001170       0x98 ./bsp/SRC/at32f403a_407_board.o
                0x08001170                delay_ms
 .text.GPIO_TogglePin
                0x08001208       0x26 ./bsp/SRC/bsp_GPIO.o
                0x08001208                GPIO_TogglePin
 .text.GPIO_WritePin
                0x0800122e       0x34 ./bsp/SRC/bsp_GPIO.o
                0x0800122e                GPIO_WritePin
 *fill*         0x08001262        0x2 
 .text.GPIO_Init
                0x08001264      0x1cc ./bsp/SRC/bsp_GPIO.o
                0x08001264                GPIO_Init
 .text.I2C_Init_general
                0x08001430       0x54 ./bsp/SRC/bsp_I2C.o
                0x08001430                I2C_Init_general
 .text.TIMER_Init_general
                0x08001484       0x6c ./bsp/SRC/bsp_TIMER.o
                0x08001484                TIMER_Init_general
 .text.TIM_Init
                0x080014f0       0xc4 ./bsp/SRC/bsp_TIMER.o
                0x080014f0                TIM_Init
 .text.USART_Init_general
                0x080015b4       0x40 ./bsp/SRC/bsp_USART.o
                0x080015b4                USART_Init_general
 .text.USART_Init
                0x080015f4      0x16c ./bsp/SRC/bsp_USART.o
                0x080015f4                USART_Init
 .text.LED_Init_general
                0x08001760       0x54 ./bsp/SRC/bsp_led.o
                0x08001760                LED_Init_general
 .text.LED_toggle
                0x080017b4       0x24 ./bsp/SRC/bsp_led.o
                0x080017b4                LED_toggle
 .text.i2c_delay
                0x080017d8        0xe ./bsp/SRC/soft_i2c.o
                0x080017d8                i2c_delay
 *fill*         0x080017e6        0x2 
 .text.i2c_start
                0x080017e8       0x38 ./bsp/SRC/soft_i2c.o
                0x080017e8                i2c_start
 .text.i2c_stop
                0x08001820       0x38 ./bsp/SRC/soft_i2c.o
                0x08001820                i2c_stop
 .text.i2c_wait_ack
                0x08001858       0x7c ./bsp/SRC/soft_i2c.o
                0x08001858                i2c_wait_ack
 .text.i2c_send_byte
                0x080018d4       0x70 ./bsp/SRC/soft_i2c.o
                0x080018d4                i2c_send_byte
 .text.i2c_master_transmit
                0x08001944       0x76 ./bsp/SRC/soft_i2c.o
                0x08001944                i2c_master_transmit
 *fill*         0x080019ba        0x2 
 .text.__errno  0x080019bc        0xc d:/at32ide/platform/tools/gcc-arm-none-eabi-10.3-2021.10/bin/../lib/gcc/arm-none-eabi/10.3.1/../../../../arm-none-eabi/lib/thumb/v7e-m+fp/hard\libg_nano.a(lib_a-errno.o)
                0x080019bc                __errno
 .text.__libc_init_array
                0x080019c8       0x48 d:/at32ide/platform/tools/gcc-arm-none-eabi-10.3-2021.10/bin/../lib/gcc/arm-none-eabi/10.3.1/../../../../arm-none-eabi/lib/thumb/v7e-m+fp/hard\libg_nano.a(lib_a-init.o)
                0x080019c8                __libc_init_array
 .text.sprintf  0x08001a10       0x40 d:/at32ide/platform/tools/gcc-arm-none-eabi-10.3-2021.10/bin/../lib/gcc/arm-none-eabi/10.3.1/../../../../arm-none-eabi/lib/thumb/v7e-m+fp/hard\libg_nano.a(lib_a-sprintf.o)
                0x08001a10                siprintf
                0x08001a10                sprintf
 .text.__ssputs_r
                0x08001a50       0xb6 d:/at32ide/platform/tools/gcc-arm-none-eabi-10.3-2021.10/bin/../lib/gcc/arm-none-eabi/10.3.1/../../../../arm-none-eabi/lib/thumb/v7e-m+fp/hard\libg_nano.a(lib_a-nano-svfprintf.o)
                0x08001a50                __ssputs_r
 *fill*         0x08001b06        0x2 
 .text._svfprintf_r
                0x08001b08      0x200 d:/at32ide/platform/tools/gcc-arm-none-eabi-10.3-2021.10/bin/../lib/gcc/arm-none-eabi/10.3.1/../../../../arm-none-eabi/lib/thumb/v7e-m+fp/hard\libg_nano.a(lib_a-nano-svfprintf.o)
                0x08001b08                _svfiprintf_r
                0x08001b08                _svfprintf_r
 .text._printf_common
                0x08001d08       0xda d:/at32ide/platform/tools/gcc-arm-none-eabi-10.3-2021.10/bin/../lib/gcc/arm-none-eabi/10.3.1/../../../../arm-none-eabi/lib/thumb/v7e-m+fp/hard\libg_nano.a(lib_a-nano-vfprintf_i.o)
                0x08001d08                _printf_common
 *fill*         0x08001de2        0x2 
 .text._printf_i
                0x08001de4      0x24c d:/at32ide/platform/tools/gcc-arm-none-eabi-10.3-2021.10/bin/../lib/gcc/arm-none-eabi/10.3.1/../../../../arm-none-eabi/lib/thumb/v7e-m+fp/hard\libg_nano.a(lib_a-nano-vfprintf_i.o)
                0x08001de4                _printf_i
 .text.memcpy   0x08002030       0x1c d:/at32ide/platform/tools/gcc-arm-none-eabi-10.3-2021.10/bin/../lib/gcc/arm-none-eabi/10.3.1/../../../../arm-none-eabi/lib/thumb/v7e-m+fp/hard\libg_nano.a(lib_a-memcpy-stub.o)
                0x08002030                memcpy
 .text.memmove  0x0800204c       0x34 d:/at32ide/platform/tools/gcc-arm-none-eabi-10.3-2021.10/bin/../lib/gcc/arm-none-eabi/10.3.1/../../../../arm-none-eabi/lib/thumb/v7e-m+fp/hard\libg_nano.a(lib_a-memmove.o)
                0x0800204c                memmove
 .text._free_r  0x08002080       0x98 d:/at32ide/platform/tools/gcc-arm-none-eabi-10.3-2021.10/bin/../lib/gcc/arm-none-eabi/10.3.1/../../../../arm-none-eabi/lib/thumb/v7e-m+fp/hard\libg_nano.a(lib_a-nano-freer.o)
                0x08002080                _free_r
 .text.sbrk_aligned
                0x08002118       0x40 d:/at32ide/platform/tools/gcc-arm-none-eabi-10.3-2021.10/bin/../lib/gcc/arm-none-eabi/10.3.1/../../../../arm-none-eabi/lib/thumb/v7e-m+fp/hard\libg_nano.a(lib_a-nano-mallocr.o)
 .text._malloc_r
                0x08002158       0xe8 d:/at32ide/platform/tools/gcc-arm-none-eabi-10.3-2021.10/bin/../lib/gcc/arm-none-eabi/10.3.1/../../../../arm-none-eabi/lib/thumb/v7e-m+fp/hard\libg_nano.a(lib_a-nano-mallocr.o)
                0x08002158                _malloc_r
 .text._realloc_r
                0x08002240       0x5e d:/at32ide/platform/tools/gcc-arm-none-eabi-10.3-2021.10/bin/../lib/gcc/arm-none-eabi/10.3.1/../../../../arm-none-eabi/lib/thumb/v7e-m+fp/hard\libg_nano.a(lib_a-nano-reallocr.o)
                0x08002240                _realloc_r
 *fill*         0x0800229e        0x2 
 .text._sbrk_r  0x080022a0       0x20 d:/at32ide/platform/tools/gcc-arm-none-eabi-10.3-2021.10/bin/../lib/gcc/arm-none-eabi/10.3.1/../../../../arm-none-eabi/lib/thumb/v7e-m+fp/hard\libg_nano.a(lib_a-sbrkr.o)
                0x080022a0                _sbrk_r
 .text.__malloc_lock
                0x080022c0        0xc d:/at32ide/platform/tools/gcc-arm-none-eabi-10.3-2021.10/bin/../lib/gcc/arm-none-eabi/10.3.1/../../../../arm-none-eabi/lib/thumb/v7e-m+fp/hard\libg_nano.a(lib_a-mlock.o)
                0x080022c0                __malloc_lock
 .text.__malloc_unlock
                0x080022cc        0xc d:/at32ide/platform/tools/gcc-arm-none-eabi-10.3-2021.10/bin/../lib/gcc/arm-none-eabi/10.3.1/../../../../arm-none-eabi/lib/thumb/v7e-m+fp/hard\libg_nano.a(lib_a-mlock.o)
                0x080022cc                __malloc_unlock
 .text._malloc_usable_size_r
                0x080022d8       0x10 d:/at32ide/platform/tools/gcc-arm-none-eabi-10.3-2021.10/bin/../lib/gcc/arm-none-eabi/10.3.1/../../../../arm-none-eabi/lib/thumb/v7e-m+fp/hard\libg_nano.a(lib_a-nano-msizer.o)
                0x080022d8                _malloc_usable_size_r
 .text.__retarget_lock_acquire_recursive
                0x080022e8        0x2 d:/at32ide/platform/tools/gcc-arm-none-eabi-10.3-2021.10/bin/../lib/gcc/arm-none-eabi/10.3.1/../../../../arm-none-eabi/lib/thumb/v7e-m+fp/hard\libg_nano.a(lib_a-lock.o)
                0x080022e8                __retarget_lock_acquire_recursive
 .text.__retarget_lock_release_recursive
                0x080022ea        0x2 d:/at32ide/platform/tools/gcc-arm-none-eabi-10.3-2021.10/bin/../lib/gcc/arm-none-eabi/10.3.1/../../../../arm-none-eabi/lib/thumb/v7e-m+fp/hard\libg_nano.a(lib_a-lock.o)
                0x080022ea                __retarget_lock_release_recursive
 *(.glue_7)
 .glue_7        0x080022ec        0x0 linker stubs
 *(.glue_7t)
 .glue_7t       0x080022ec        0x0 linker stubs
 *(.eh_frame)
 .eh_frame      0x080022ec        0x0 d:/at32ide/platform/tools/gcc-arm-none-eabi-10.3-2021.10/bin/../lib/gcc/arm-none-eabi/10.3.1/thumb/v7e-m+fp/hard/crtbegin.o
 *(.init)
 .init          0x080022ec        0x4 d:/at32ide/platform/tools/gcc-arm-none-eabi-10.3-2021.10/bin/../lib/gcc/arm-none-eabi/10.3.1/thumb/v7e-m+fp/hard/crti.o
                0x080022ec                _init
 .init          0x080022f0        0x8 d:/at32ide/platform/tools/gcc-arm-none-eabi-10.3-2021.10/bin/../lib/gcc/arm-none-eabi/10.3.1/thumb/v7e-m+fp/hard/crtn.o
 *(.fini)
 .fini          0x080022f8        0x4 d:/at32ide/platform/tools/gcc-arm-none-eabi-10.3-2021.10/bin/../lib/gcc/arm-none-eabi/10.3.1/thumb/v7e-m+fp/hard/crti.o
                0x080022f8                _fini
 .fini          0x080022fc        0x8 d:/at32ide/platform/tools/gcc-arm-none-eabi-10.3-2021.10/bin/../lib/gcc/arm-none-eabi/10.3.1/thumb/v7e-m+fp/hard/crtn.o
                0x08002304                . = ALIGN (0x4)
                0x08002304                _etext = .

.vfp11_veneer   0x08002304        0x0
 .vfp11_veneer  0x08002304        0x0 linker stubs

.v4_bx          0x08002304        0x0
 .v4_bx         0x08002304        0x0 linker stubs

.iplt           0x08002304        0x0
 .iplt          0x08002304        0x0 d:/at32ide/platform/tools/gcc-arm-none-eabi-10.3-2021.10/bin/../lib/gcc/arm-none-eabi/10.3.1/thumb/v7e-m+fp/hard/crtbegin.o

.rodata         0x08002304       0x84
                0x08002304                . = ALIGN (0x4)
 *(.rodata)
 .rodata        0x08002304       0x17 ./user/main.o
 *fill*         0x0800231b        0x1 
 .rodata        0x0800231c       0x28 ./firmware/at32f403a_407_crm.o
 .rodata        0x08002344       0x10 ./cmsis/system_at32f403a_407.o
 *(.rodata*)
 .rodata._svfprintf_r.str1.1
                0x08002354       0x11 d:/at32ide/platform/tools/gcc-arm-none-eabi-10.3-2021.10/bin/../lib/gcc/arm-none-eabi/10.3.1/../../../../arm-none-eabi/lib/thumb/v7e-m+fp/hard\libg_nano.a(lib_a-nano-svfprintf.o)
 .rodata._printf_i.str1.1
                0x08002365       0x22 d:/at32ide/platform/tools/gcc-arm-none-eabi-10.3-2021.10/bin/../lib/gcc/arm-none-eabi/10.3.1/../../../../arm-none-eabi/lib/thumb/v7e-m+fp/hard\libg_nano.a(lib_a-nano-vfprintf_i.o)
                0x08002388                . = ALIGN (0x4)
 *fill*         0x08002387        0x1 

.rel.dyn        0x08002388        0x0
 .rel.iplt      0x08002388        0x0 d:/at32ide/platform/tools/gcc-arm-none-eabi-10.3-2021.10/bin/../lib/gcc/arm-none-eabi/10.3.1/thumb/v7e-m+fp/hard/crtbegin.o

.ARM.extab
 *(.ARM.extab* .gnu.linkonce.armextab.*)

.ARM            0x08002388        0x0
                0x08002388                __exidx_start = .
 *(.ARM.exidx*)
                0x08002388                __exidx_end = .

.preinit_array  0x08002388        0x0
                0x08002388                PROVIDE (__preinit_array_start = .)
 *(.preinit_array*)
                0x08002388                PROVIDE (__preinit_array_end = .)

.init_array     0x08002388        0x4
                0x08002388                PROVIDE (__init_array_start = .)
 *(SORT_BY_NAME(.init_array.*))
 *(.init_array*)
 .init_array    0x08002388        0x4 d:/at32ide/platform/tools/gcc-arm-none-eabi-10.3-2021.10/bin/../lib/gcc/arm-none-eabi/10.3.1/thumb/v7e-m+fp/hard/crtbegin.o
                0x0800238c                PROVIDE (__init_array_end = .)

.fini_array     0x0800238c        0x4
                [!provide]                PROVIDE (__fini_array_start = .)
 *(SORT_BY_NAME(.fini_array.*))
 *(.fini_array*)
 .fini_array    0x0800238c        0x4 d:/at32ide/platform/tools/gcc-arm-none-eabi-10.3-2021.10/bin/../lib/gcc/arm-none-eabi/10.3.1/thumb/v7e-m+fp/hard/crtbegin.o
                [!provide]                PROVIDE (__fini_array_end = .)
                0x08002390                _sidata = LOADADDR (.data)

.data           0x20000000      0x108 load address 0x08002390
                0x20000000                . = ALIGN (0x4)
                0x20000000                _sdata = .
 *(.data)
 .data          0x20000000        0x4 ./cmsis/system_at32f403a_407.o
                0x20000000                system_core_clock
 .data          0x20000004       0xa0 ./bsp/SRC/bsp_CONFIGURATION_array.o
                0x20000004                led_gpio
                0x20000034                timer
                0x20000064                usart
                0x20000074                gpio_usart
                0x20000084                gpio_i2c
 *(.data*)
 .data._impure_ptr
                0x200000a4        0x4 d:/at32ide/platform/tools/gcc-arm-none-eabi-10.3-2021.10/bin/../lib/gcc/arm-none-eabi/10.3.1/../../../../arm-none-eabi/lib/thumb/v7e-m+fp/hard\libg_nano.a(lib_a-impure.o)
                0x200000a4                _impure_ptr
 .data.impure_data
                0x200000a8       0x60 d:/at32ide/platform/tools/gcc-arm-none-eabi-10.3-2021.10/bin/../lib/gcc/arm-none-eabi/10.3.1/../../../../arm-none-eabi/lib/thumb/v7e-m+fp/hard\libg_nano.a(lib_a-impure.o)
                0x20000108                . = ALIGN (0x4)
                0x20000108                _edata = .

.igot.plt       0x20000108        0x0 load address 0x08002498
 .igot.plt      0x20000108        0x0 d:/at32ide/platform/tools/gcc-arm-none-eabi-10.3-2021.10/bin/../lib/gcc/arm-none-eabi/10.3.1/thumb/v7e-m+fp/hard/crtbegin.o
                0x20000108                . = ALIGN (0x4)

.bss            0x20000108       0x38 load address 0x08002498
                0x20000108                _sbss = .
                0x20000108                __bss_start__ = _sbss
 *(.bss)
 .bss           0x20000108       0x1c d:/at32ide/platform/tools/gcc-arm-none-eabi-10.3-2021.10/bin/../lib/gcc/arm-none-eabi/10.3.1/thumb/v7e-m+fp/hard/crtbegin.o
 .bss           0x20000124        0x4 ./bsp/bsp_system/sysmem.o
 .bss           0x20000128        0x8 ./bsp/SRC/at32f403a_407_board.o
 *(.bss*)
 .bss.__malloc_free_list
                0x20000130        0x4 d:/at32ide/platform/tools/gcc-arm-none-eabi-10.3-2021.10/bin/../lib/gcc/arm-none-eabi/10.3.1/../../../../arm-none-eabi/lib/thumb/v7e-m+fp/hard\libg_nano.a(lib_a-nano-mallocr.o)
                0x20000130                __malloc_free_list
 .bss.__malloc_sbrk_start
                0x20000134        0x4 d:/at32ide/platform/tools/gcc-arm-none-eabi-10.3-2021.10/bin/../lib/gcc/arm-none-eabi/10.3.1/../../../../arm-none-eabi/lib/thumb/v7e-m+fp/hard\libg_nano.a(lib_a-nano-mallocr.o)
                0x20000134                __malloc_sbrk_start
 .bss.errno     0x20000138        0x4 d:/at32ide/platform/tools/gcc-arm-none-eabi-10.3-2021.10/bin/../lib/gcc/arm-none-eabi/10.3.1/../../../../arm-none-eabi/lib/thumb/v7e-m+fp/hard\libg_nano.a(lib_a-reent.o)
                0x20000138                errno
 .bss.__lock___malloc_recursive_mutex
                0x2000013c        0x1 d:/at32ide/platform/tools/gcc-arm-none-eabi-10.3-2021.10/bin/../lib/gcc/arm-none-eabi/10.3.1/../../../../arm-none-eabi/lib/thumb/v7e-m+fp/hard\libg_nano.a(lib_a-lock.o)
                0x2000013c                __lock___malloc_recursive_mutex
 *(COMMON)
                0x20000140                . = ALIGN (0x4)
 *fill*         0x2000013d        0x3 
                0x20000140                _ebss = .
                0x20000140                __bss_end__ = _ebss

._user_heap_stack
                0x20000140      0x600 load address 0x08002498
                0x20000140                . = ALIGN (0x8)
                [!provide]                PROVIDE (end = .)
                0x20000140                PROVIDE (_end = .)
                0x20000340                . = (. + _Min_Heap_Size)
 *fill*         0x20000140      0x200 
                0x20000740                . = (. + _Min_Stack_Size)
 *fill*         0x20000340      0x400 
                0x20000740                . = ALIGN (0x8)

/DISCARD/
 libc.a(*)
 libm.a(*)
 libgcc.a(*)

.ARM.attributes
                0x00000000       0x30
 *(.ARM.attributes)
 .ARM.attributes
                0x00000000       0x1e d:/at32ide/platform/tools/gcc-arm-none-eabi-10.3-2021.10/bin/../lib/gcc/arm-none-eabi/10.3.1/thumb/v7e-m+fp/hard/crti.o
 .ARM.attributes
                0x0000001e       0x34 d:/at32ide/platform/tools/gcc-arm-none-eabi-10.3-2021.10/bin/../lib/gcc/arm-none-eabi/10.3.1/thumb/v7e-m+fp/hard/crtbegin.o
 .ARM.attributes
                0x00000052       0x34 ./user/at32f403a_407_clock.o
 .ARM.attributes
                0x00000086       0x34 ./user/at32f403a_407_int.o
 .ARM.attributes
                0x000000ba       0x34 ./user/main.o
 .ARM.attributes
                0x000000ee       0x34 ./firmware/at32f403a_407_crm.o
 .ARM.attributes
                0x00000122       0x34 ./firmware/at32f403a_407_gpio.o
 .ARM.attributes
                0x00000156       0x34 ./firmware/at32f403a_407_misc.o
 .ARM.attributes
                0x0000018a       0x34 ./firmware/at32f403a_407_tmr.o
 .ARM.attributes
                0x000001be       0x21 ./cmsis/startup_at32f403a_407.o
 .ARM.attributes
                0x000001df       0x34 ./cmsis/system_at32f403a_407.o
 .ARM.attributes
                0x00000213       0x34 ./bsp/lcd_library/lcd-i2c.o
 .ARM.attributes
                0x00000247       0x34 ./bsp/bsp_system/sysmem.o
 .ARM.attributes
                0x0000027b       0x34 ./bsp/SRC/at32f403a_407_board.o
 .ARM.attributes
                0x000002af       0x34 ./bsp/SRC/bsp_CONFIGURATION_array.o
 .ARM.attributes
                0x000002e3       0x34 ./bsp/SRC/bsp_GPIO.o
 .ARM.attributes
                0x00000317       0x34 ./bsp/SRC/bsp_I2C.o
 .ARM.attributes
                0x0000034b       0x34 ./bsp/SRC/bsp_TIMER.o
 .ARM.attributes
                0x0000037f       0x34 ./bsp/SRC/bsp_USART.o
 .ARM.attributes
                0x000003b3       0x34 ./bsp/SRC/bsp_led.o
 .ARM.attributes
                0x000003e7       0x34 ./bsp/SRC/soft_i2c.o
 .ARM.attributes
                0x0000041b       0x34 d:/at32ide/platform/tools/gcc-arm-none-eabi-10.3-2021.10/bin/../lib/gcc/arm-none-eabi/10.3.1/../../../../arm-none-eabi/lib/thumb/v7e-m+fp/hard\libg_nano.a(lib_a-errno.o)
 .ARM.attributes
                0x0000044f       0x34 d:/at32ide/platform/tools/gcc-arm-none-eabi-10.3-2021.10/bin/../lib/gcc/arm-none-eabi/10.3.1/../../../../arm-none-eabi/lib/thumb/v7e-m+fp/hard\libg_nano.a(lib_a-impure.o)
 .ARM.attributes
                0x00000483       0x34 d:/at32ide/platform/tools/gcc-arm-none-eabi-10.3-2021.10/bin/../lib/gcc/arm-none-eabi/10.3.1/../../../../arm-none-eabi/lib/thumb/v7e-m+fp/hard\libg_nano.a(lib_a-init.o)
 .ARM.attributes
                0x000004b7       0x34 d:/at32ide/platform/tools/gcc-arm-none-eabi-10.3-2021.10/bin/../lib/gcc/arm-none-eabi/10.3.1/../../../../arm-none-eabi/lib/thumb/v7e-m+fp/hard\libg_nano.a(lib_a-sprintf.o)
 .ARM.attributes
                0x000004eb       0x34 d:/at32ide/platform/tools/gcc-arm-none-eabi-10.3-2021.10/bin/../lib/gcc/arm-none-eabi/10.3.1/../../../../arm-none-eabi/lib/thumb/v7e-m+fp/hard\libg_nano.a(lib_a-nano-svfprintf.o)
 .ARM.attributes
                0x0000051f       0x34 d:/at32ide/platform/tools/gcc-arm-none-eabi-10.3-2021.10/bin/../lib/gcc/arm-none-eabi/10.3.1/../../../../arm-none-eabi/lib/thumb/v7e-m+fp/hard\libg_nano.a(lib_a-nano-vfprintf_i.o)
 .ARM.attributes
                0x00000553       0x1c d:/at32ide/platform/tools/gcc-arm-none-eabi-10.3-2021.10/bin/../lib/gcc/arm-none-eabi/10.3.1/../../../../arm-none-eabi/lib/thumb/v7e-m+fp/hard\libg_nano.a(lib_a-memchr.o)
 .ARM.attributes
                0x0000056f       0x34 d:/at32ide/platform/tools/gcc-arm-none-eabi-10.3-2021.10/bin/../lib/gcc/arm-none-eabi/10.3.1/../../../../arm-none-eabi/lib/thumb/v7e-m+fp/hard\libg_nano.a(lib_a-memcpy-stub.o)
 .ARM.attributes
                0x000005a3       0x34 d:/at32ide/platform/tools/gcc-arm-none-eabi-10.3-2021.10/bin/../lib/gcc/arm-none-eabi/10.3.1/../../../../arm-none-eabi/lib/thumb/v7e-m+fp/hard\libg_nano.a(lib_a-memmove.o)
 .ARM.attributes
                0x000005d7       0x34 d:/at32ide/platform/tools/gcc-arm-none-eabi-10.3-2021.10/bin/../lib/gcc/arm-none-eabi/10.3.1/../../../../arm-none-eabi/lib/thumb/v7e-m+fp/hard\libg_nano.a(lib_a-nano-freer.o)
 .ARM.attributes
                0x0000060b       0x34 d:/at32ide/platform/tools/gcc-arm-none-eabi-10.3-2021.10/bin/../lib/gcc/arm-none-eabi/10.3.1/../../../../arm-none-eabi/lib/thumb/v7e-m+fp/hard\libg_nano.a(lib_a-nano-mallocr.o)
 .ARM.attributes
                0x0000063f       0x34 d:/at32ide/platform/tools/gcc-arm-none-eabi-10.3-2021.10/bin/../lib/gcc/arm-none-eabi/10.3.1/../../../../arm-none-eabi/lib/thumb/v7e-m+fp/hard\libg_nano.a(lib_a-nano-reallocr.o)
 .ARM.attributes
                0x00000673       0x34 d:/at32ide/platform/tools/gcc-arm-none-eabi-10.3-2021.10/bin/../lib/gcc/arm-none-eabi/10.3.1/../../../../arm-none-eabi/lib/thumb/v7e-m+fp/hard\libg_nano.a(lib_a-sbrkr.o)
 .ARM.attributes
                0x000006a7       0x34 d:/at32ide/platform/tools/gcc-arm-none-eabi-10.3-2021.10/bin/../lib/gcc/arm-none-eabi/10.3.1/../../../../arm-none-eabi/lib/thumb/v7e-m+fp/hard\libg_nano.a(lib_a-mlock.o)
 .ARM.attributes
                0x000006db       0x34 d:/at32ide/platform/tools/gcc-arm-none-eabi-10.3-2021.10/bin/../lib/gcc/arm-none-eabi/10.3.1/../../../../arm-none-eabi/lib/thumb/v7e-m+fp/hard\libg_nano.a(lib_a-nano-msizer.o)
 .ARM.attributes
                0x0000070f       0x34 d:/at32ide/platform/tools/gcc-arm-none-eabi-10.3-2021.10/bin/../lib/gcc/arm-none-eabi/10.3.1/../../../../arm-none-eabi/lib/thumb/v7e-m+fp/hard\libg_nano.a(lib_a-reent.o)
 .ARM.attributes
                0x00000743       0x34 d:/at32ide/platform/tools/gcc-arm-none-eabi-10.3-2021.10/bin/../lib/gcc/arm-none-eabi/10.3.1/../../../../arm-none-eabi/lib/thumb/v7e-m+fp/hard\libg_nano.a(lib_a-lock.o)
 .ARM.attributes
                0x00000777       0x1e d:/at32ide/platform/tools/gcc-arm-none-eabi-10.3-2021.10/bin/../lib/gcc/arm-none-eabi/10.3.1/thumb/v7e-m+fp/hard/crtn.o
OUTPUT(Vladislav_project (i2c_lcd+ds18b20+led+timer+usart_tx).elf elf32-littlearm)
LOAD linker stubs
LOAD d:/at32ide/platform/tools/gcc-arm-none-eabi-10.3-2021.10/bin/../lib/gcc/arm-none-eabi/10.3.1/../../../../arm-none-eabi/lib/thumb/v7e-m+fp/hard\libc.a
LOAD d:/at32ide/platform/tools/gcc-arm-none-eabi-10.3-2021.10/bin/../lib/gcc/arm-none-eabi/10.3.1/../../../../arm-none-eabi/lib/thumb/v7e-m+fp/hard\libm.a
LOAD d:/at32ide/platform/tools/gcc-arm-none-eabi-10.3-2021.10/bin/../lib/gcc/arm-none-eabi/10.3.1/thumb/v7e-m+fp/hard\libgcc.a

.debug_info     0x00000000    0x1524f
 .debug_info    0x00000000      0x3cc ./user/at32f403a_407_clock.o
 .debug_info    0x000003cc      0x10e ./user/at32f403a_407_int.o
 .debug_info    0x000004da     0x10d8 ./user/main.o
 .debug_info    0x000015b2     0x2465 ./firmware/at32f403a_407_crm.o
 .debug_info    0x00003a17     0x1f2c ./firmware/at32f403a_407_gpio.o
 .debug_info    0x00005943      0x9ea ./firmware/at32f403a_407_misc.o
 .debug_info    0x0000632d     0x2667 ./firmware/at32f403a_407_tmr.o
 .debug_info    0x00008994       0x22 ./cmsis/startup_at32f403a_407.o
 .debug_info    0x000089b6     0x1647 ./cmsis/system_at32f403a_407.o
 .debug_info    0x00009ffd      0x1de ./bsp/lcd_library/lcd-i2c.o
 .debug_info    0x0000a1db      0x154 ./bsp/bsp_system/sysmem.o
 .debug_info    0x0000a32f     0x1983 ./bsp/SRC/at32f403a_407_board.o
 .debug_info    0x0000bcb2     0x2564 ./bsp/SRC/bsp_CONFIGURATION_array.o
 .debug_info    0x0000e216     0x11af ./bsp/SRC/bsp_GPIO.o
 .debug_info    0x0000f3c5     0x109f ./bsp/SRC/bsp_I2C.o
 .debug_info    0x00010464     0x148f ./bsp/SRC/bsp_TIMER.o
 .debug_info    0x000118f3     0x17c3 ./bsp/SRC/bsp_USART.o
 .debug_info    0x000130b6      0xf07 ./bsp/SRC/bsp_led.o
 .debug_info    0x00013fbd     0x1292 ./bsp/SRC/soft_i2c.o

.debug_abbrev   0x00000000     0x1de6
 .debug_abbrev  0x00000000       0x78 ./user/at32f403a_407_clock.o
 .debug_abbrev  0x00000078       0x44 ./user/at32f403a_407_int.o
 .debug_abbrev  0x000000bc      0x1cd ./user/main.o
 .debug_abbrev  0x00000289      0x229 ./firmware/at32f403a_407_crm.o
 .debug_abbrev  0x000004b2      0x215 ./firmware/at32f403a_407_gpio.o
 .debug_abbrev  0x000006c7      0x245 ./firmware/at32f403a_407_misc.o
 .debug_abbrev  0x0000090c      0x1e5 ./firmware/at32f403a_407_tmr.o
 .debug_abbrev  0x00000af1       0x12 ./cmsis/startup_at32f403a_407.o
 .debug_abbrev  0x00000b03      0x187 ./cmsis/system_at32f403a_407.o
 .debug_abbrev  0x00000c8a       0xf1 ./bsp/lcd_library/lcd-i2c.o
 .debug_abbrev  0x00000d7b       0xa3 ./bsp/bsp_system/sysmem.o
 .debug_abbrev  0x00000e1e      0x326 ./bsp/SRC/at32f403a_407_board.o
 .debug_abbrev  0x00001144      0x1da ./bsp/SRC/bsp_CONFIGURATION_array.o
 .debug_abbrev  0x0000131e      0x1c1 ./bsp/SRC/bsp_GPIO.o
 .debug_abbrev  0x000014df      0x176 ./bsp/SRC/bsp_I2C.o
 .debug_abbrev  0x00001655      0x1c7 ./bsp/SRC/bsp_TIMER.o
 .debug_abbrev  0x0000181c      0x226 ./bsp/SRC/bsp_USART.o
 .debug_abbrev  0x00001a42      0x1ab ./bsp/SRC/bsp_led.o
 .debug_abbrev  0x00001bed      0x1f9 ./bsp/SRC/soft_i2c.o

.debug_aranges  0x00000000      0x7c0
 .debug_aranges
                0x00000000       0x20 ./user/at32f403a_407_clock.o
 .debug_aranges
                0x00000020       0x60 ./user/at32f403a_407_int.o
 .debug_aranges
                0x00000080       0x30 ./user/main.o
 .debug_aranges
                0x000000b0      0x138 ./firmware/at32f403a_407_crm.o
 .debug_aranges
                0x000001e8       0xa8 ./firmware/at32f403a_407_gpio.o
 .debug_aranges
                0x00000290       0x88 ./firmware/at32f403a_407_misc.o
 .debug_aranges
                0x00000318      0x1d0 ./firmware/at32f403a_407_tmr.o
 .debug_aranges
                0x000004e8       0x28 ./cmsis/startup_at32f403a_407.o
 .debug_aranges
                0x00000510       0x28 ./cmsis/system_at32f403a_407.o
 .debug_aranges
                0x00000538       0x48 ./bsp/lcd_library/lcd-i2c.o
 .debug_aranges
                0x00000580       0x20 ./bsp/bsp_system/sysmem.o
 .debug_aranges
                0x000005a0       0x88 ./bsp/SRC/at32f403a_407_board.o
 .debug_aranges
                0x00000628       0x18 ./bsp/SRC/bsp_CONFIGURATION_array.o
 .debug_aranges
                0x00000640       0x50 ./bsp/SRC/bsp_GPIO.o
 .debug_aranges
                0x00000690       0x20 ./bsp/SRC/bsp_I2C.o
 .debug_aranges
                0x000006b0       0x28 ./bsp/SRC/bsp_TIMER.o
 .debug_aranges
                0x000006d8       0x28 ./bsp/SRC/bsp_USART.o
 .debug_aranges
                0x00000700       0x40 ./bsp/SRC/bsp_led.o
 .debug_aranges
                0x00000740       0x80 ./bsp/SRC/soft_i2c.o

.debug_ranges   0x00000000      0x690
 .debug_ranges  0x00000000       0x10 ./user/at32f403a_407_clock.o
 .debug_ranges  0x00000010       0x50 ./user/at32f403a_407_int.o
 .debug_ranges  0x00000060       0x20 ./user/main.o
 .debug_ranges  0x00000080      0x128 ./firmware/at32f403a_407_crm.o
 .debug_ranges  0x000001a8       0x98 ./firmware/at32f403a_407_gpio.o
 .debug_ranges  0x00000240       0x78 ./firmware/at32f403a_407_misc.o
 .debug_ranges  0x000002b8      0x1c0 ./firmware/at32f403a_407_tmr.o
 .debug_ranges  0x00000478       0x20 ./cmsis/startup_at32f403a_407.o
 .debug_ranges  0x00000498       0x18 ./cmsis/system_at32f403a_407.o
 .debug_ranges  0x000004b0       0x38 ./bsp/lcd_library/lcd-i2c.o
 .debug_ranges  0x000004e8       0x10 ./bsp/bsp_system/sysmem.o
 .debug_ranges  0x000004f8       0x78 ./bsp/SRC/at32f403a_407_board.o
 .debug_ranges  0x00000570       0x40 ./bsp/SRC/bsp_GPIO.o
 .debug_ranges  0x000005b0       0x10 ./bsp/SRC/bsp_I2C.o
 .debug_ranges  0x000005c0       0x18 ./bsp/SRC/bsp_TIMER.o
 .debug_ranges  0x000005d8       0x18 ./bsp/SRC/bsp_USART.o
 .debug_ranges  0x000005f0       0x30 ./bsp/SRC/bsp_led.o
 .debug_ranges  0x00000620       0x70 ./bsp/SRC/soft_i2c.o

.debug_line     0x00000000     0x449f
 .debug_line    0x00000000      0x1dd ./user/at32f403a_407_clock.o
 .debug_line    0x000001dd       0xfd ./user/at32f403a_407_int.o
 .debug_line    0x000002da      0x21f ./user/main.o
 .debug_line    0x000004f9      0x81d ./firmware/at32f403a_407_crm.o
 .debug_line    0x00000d16      0x581 ./firmware/at32f403a_407_gpio.o
 .debug_line    0x00001297      0x442 ./firmware/at32f403a_407_misc.o
 .debug_line    0x000016d9      0xbc1 ./firmware/at32f403a_407_tmr.o
 .debug_line    0x0000229a       0x7c ./cmsis/startup_at32f403a_407.o
 .debug_line    0x00002316      0x33a ./cmsis/system_at32f403a_407.o
 .debug_line    0x00002650      0x209 ./bsp/lcd_library/lcd-i2c.o
 .debug_line    0x00002859      0x1af ./bsp/bsp_system/sysmem.o
 .debug_line    0x00002a08      0x544 ./bsp/SRC/at32f403a_407_board.o
 .debug_line    0x00002f4c      0x214 ./bsp/SRC/bsp_CONFIGURATION_array.o
 .debug_line    0x00003160      0x465 ./bsp/SRC/bsp_GPIO.o
 .debug_line    0x000035c5      0x22c ./bsp/SRC/bsp_I2C.o
 .debug_line    0x000037f1      0x2bf ./bsp/SRC/bsp_TIMER.o
 .debug_line    0x00003ab0      0x310 ./bsp/SRC/bsp_USART.o
 .debug_line    0x00003dc0      0x24e ./bsp/SRC/bsp_led.o
 .debug_line    0x0000400e      0x491 ./bsp/SRC/soft_i2c.o

.debug_str      0x00000000     0x5d00
 .debug_str     0x00000000      0x7db ./user/at32f403a_407_clock.o
                                0x81e (size before relaxing)
 .debug_str     0x000007db       0xac ./user/at32f403a_407_int.o
                                0x213 (size before relaxing)
 .debug_str     0x00000887      0x5f3 ./user/main.o
                                0x7ba (size before relaxing)
 .debug_str     0x00000e7a     0x1a0b ./firmware/at32f403a_407_crm.o
                               0x227c (size before relaxing)
 .debug_str     0x00002885      0xd83 ./firmware/at32f403a_407_gpio.o
                               0x13d5 (size before relaxing)
 .debug_str     0x00003608      0x93f ./firmware/at32f403a_407_misc.o
                                0xb13 (size before relaxing)
 .debug_str     0x00003f47     0x1494 ./firmware/at32f403a_407_tmr.o
                               0x2019 (size before relaxing)
 .debug_str     0x000053db       0x6e ./cmsis/startup_at32f403a_407.o
 .debug_str     0x00005449       0x68 ./cmsis/system_at32f403a_407.o
                                0xb61 (size before relaxing)
 .debug_str     0x000054b1       0x7c ./bsp/lcd_library/lcd-i2c.o
                                0x1ff (size before relaxing)
 .debug_str     0x0000552d       0x7b ./bsp/bsp_system/sysmem.o
                                0x202 (size before relaxing)
 .debug_str     0x000055a8      0x2c0 ./bsp/SRC/at32f403a_407_board.o
                               0x10d8 (size before relaxing)
 .debug_str     0x00005868      0x1af ./bsp/SRC/bsp_CONFIGURATION_array.o
                               0x1028 (size before relaxing)
 .debug_str     0x00005a17       0x7b ./bsp/SRC/bsp_GPIO.o
                                0xc64 (size before relaxing)
 .debug_str     0x00005a92       0x38 ./bsp/SRC/bsp_I2C.o
                                0xc1b (size before relaxing)
 .debug_str     0x00005aca       0x5b ./bsp/SRC/bsp_TIMER.o
                               0x10f1 (size before relaxing)
 .debug_str     0x00005b25       0x7c ./bsp/SRC/bsp_USART.o
                                0xf3c (size before relaxing)
 .debug_str     0x00005ba1       0x68 ./bsp/SRC/bsp_led.o
                                0x745 (size before relaxing)
 .debug_str     0x00005c09       0xf7 ./bsp/SRC/soft_i2c.o
                                0xc89 (size before relaxing)

.comment        0x00000000       0x49
 .comment       0x00000000       0x49 ./user/at32f403a_407_clock.o
                                 0x4a (size before relaxing)
 .comment       0x00000049       0x4a ./user/at32f403a_407_int.o
 .comment       0x00000049       0x4a ./user/main.o
 .comment       0x00000049       0x4a ./firmware/at32f403a_407_crm.o
 .comment       0x00000049       0x4a ./firmware/at32f403a_407_gpio.o
 .comment       0x00000049       0x4a ./firmware/at32f403a_407_misc.o
 .comment       0x00000049       0x4a ./firmware/at32f403a_407_tmr.o
 .comment       0x00000049       0x4a ./cmsis/system_at32f403a_407.o
 .comment       0x00000049       0x4a ./bsp/lcd_library/lcd-i2c.o
 .comment       0x00000049       0x4a ./bsp/bsp_system/sysmem.o
 .comment       0x00000049       0x4a ./bsp/SRC/at32f403a_407_board.o
 .comment       0x00000049       0x4a ./bsp/SRC/bsp_CONFIGURATION_array.o
 .comment       0x00000049       0x4a ./bsp/SRC/bsp_GPIO.o
 .comment       0x00000049       0x4a ./bsp/SRC/bsp_I2C.o
 .comment       0x00000049       0x4a ./bsp/SRC/bsp_TIMER.o
 .comment       0x00000049       0x4a ./bsp/SRC/bsp_USART.o
 .comment       0x00000049       0x4a ./bsp/SRC/bsp_led.o
 .comment       0x00000049       0x4a ./bsp/SRC/soft_i2c.o

.debug_frame    0x00000000     0x20f0
 .debug_frame   0x00000000       0x2c ./user/at32f403a_407_clock.o
 .debug_frame   0x0000002c      0x110 ./user/at32f403a_407_int.o
 .debug_frame   0x0000013c       0x74 ./user/main.o
 .debug_frame   0x000001b0      0x590 ./firmware/at32f403a_407_crm.o
 .debug_frame   0x00000740      0x2d0 ./firmware/at32f403a_407_gpio.o
 .debug_frame   0x00000a10      0x210 ./firmware/at32f403a_407_misc.o
 .debug_frame   0x00000c20      0x89c ./firmware/at32f403a_407_tmr.o
 .debug_frame   0x000014bc       0x54 ./cmsis/system_at32f403a_407.o
 .debug_frame   0x00001510       0xe0 ./bsp/lcd_library/lcd-i2c.o
 .debug_frame   0x000015f0       0x34 ./bsp/bsp_system/sysmem.o
 .debug_frame   0x00001624      0x1fc ./bsp/SRC/at32f403a_407_board.o
 .debug_frame   0x00001820      0x124 ./bsp/SRC/bsp_GPIO.o
 .debug_frame   0x00001944       0x34 ./bsp/SRC/bsp_I2C.o
 .debug_frame   0x00001978       0x58 ./bsp/SRC/bsp_TIMER.o
 .debug_frame   0x000019d0       0x58 ./bsp/SRC/bsp_USART.o
 .debug_frame   0x00001a28       0xc4 ./bsp/SRC/bsp_led.o
 .debug_frame   0x00001aec      0x1c4 ./bsp/SRC/soft_i2c.o
 .debug_frame   0x00001cb0       0x20 d:/at32ide/platform/tools/gcc-arm-none-eabi-10.3-2021.10/bin/../lib/gcc/arm-none-eabi/10.3.1/../../../../arm-none-eabi/lib/thumb/v7e-m+fp/hard\libg_nano.a(lib_a-errno.o)
 .debug_frame   0x00001cd0       0x2c d:/at32ide/platform/tools/gcc-arm-none-eabi-10.3-2021.10/bin/../lib/gcc/arm-none-eabi/10.3.1/../../../../arm-none-eabi/lib/thumb/v7e-m+fp/hard\libg_nano.a(lib_a-init.o)
 .debug_frame   0x00001cfc       0x6c d:/at32ide/platform/tools/gcc-arm-none-eabi-10.3-2021.10/bin/../lib/gcc/arm-none-eabi/10.3.1/../../../../arm-none-eabi/lib/thumb/v7e-m+fp/hard\libg_nano.a(lib_a-sprintf.o)
 .debug_frame   0x00001d68       0x90 d:/at32ide/platform/tools/gcc-arm-none-eabi-10.3-2021.10/bin/../lib/gcc/arm-none-eabi/10.3.1/../../../../arm-none-eabi/lib/thumb/v7e-m+fp/hard\libg_nano.a(lib_a-nano-svfprintf.o)
 .debug_frame   0x00001df8       0x60 d:/at32ide/platform/tools/gcc-arm-none-eabi-10.3-2021.10/bin/../lib/gcc/arm-none-eabi/10.3.1/../../../../arm-none-eabi/lib/thumb/v7e-m+fp/hard\libg_nano.a(lib_a-nano-vfprintf_i.o)
 .debug_frame   0x00001e58       0x28 d:/at32ide/platform/tools/gcc-arm-none-eabi-10.3-2021.10/bin/../lib/gcc/arm-none-eabi/10.3.1/../../../../arm-none-eabi/lib/thumb/v7e-m+fp/hard\libg_nano.a(lib_a-memcpy-stub.o)
 .debug_frame   0x00001e80       0x28 d:/at32ide/platform/tools/gcc-arm-none-eabi-10.3-2021.10/bin/../lib/gcc/arm-none-eabi/10.3.1/../../../../arm-none-eabi/lib/thumb/v7e-m+fp/hard\libg_nano.a(lib_a-memmove.o)
 .debug_frame   0x00001ea8       0x38 d:/at32ide/platform/tools/gcc-arm-none-eabi-10.3-2021.10/bin/../lib/gcc/arm-none-eabi/10.3.1/../../../../arm-none-eabi/lib/thumb/v7e-m+fp/hard\libg_nano.a(lib_a-nano-freer.o)
 .debug_frame   0x00001ee0       0x4c d:/at32ide/platform/tools/gcc-arm-none-eabi-10.3-2021.10/bin/../lib/gcc/arm-none-eabi/10.3.1/../../../../arm-none-eabi/lib/thumb/v7e-m+fp/hard\libg_nano.a(lib_a-nano-mallocr.o)
 .debug_frame   0x00001f2c       0x3c d:/at32ide/platform/tools/gcc-arm-none-eabi-10.3-2021.10/bin/../lib/gcc/arm-none-eabi/10.3.1/../../../../arm-none-eabi/lib/thumb/v7e-m+fp/hard\libg_nano.a(lib_a-nano-reallocr.o)
 .debug_frame   0x00001f68       0x2c d:/at32ide/platform/tools/gcc-arm-none-eabi-10.3-2021.10/bin/../lib/gcc/arm-none-eabi/10.3.1/../../../../arm-none-eabi/lib/thumb/v7e-m+fp/hard\libg_nano.a(lib_a-sbrkr.o)
 .debug_frame   0x00001f94       0x30 d:/at32ide/platform/tools/gcc-arm-none-eabi-10.3-2021.10/bin/../lib/gcc/arm-none-eabi/10.3.1/../../../../arm-none-eabi/lib/thumb/v7e-m+fp/hard\libg_nano.a(lib_a-mlock.o)
 .debug_frame   0x00001fc4       0x20 d:/at32ide/platform/tools/gcc-arm-none-eabi-10.3-2021.10/bin/../lib/gcc/arm-none-eabi/10.3.1/../../../../arm-none-eabi/lib/thumb/v7e-m+fp/hard\libg_nano.a(lib_a-nano-msizer.o)
 .debug_frame   0x00001fe4       0x5c d:/at32ide/platform/tools/gcc-arm-none-eabi-10.3-2021.10/bin/../lib/gcc/arm-none-eabi/10.3.1/../../../../arm-none-eabi/lib/thumb/v7e-m+fp/hard\libg_nano.a(lib_a-reent.o)
 .debug_frame   0x00002040       0xb0 d:/at32ide/platform/tools/gcc-arm-none-eabi-10.3-2021.10/bin/../lib/gcc/arm-none-eabi/10.3.1/../../../../arm-none-eabi/lib/thumb/v7e-m+fp/hard\libg_nano.a(lib_a-lock.o)
